Archive member included to satisfy reference by file (symbol)

/home/marekf/Ac6/SystemWorkbench/plugins/fr.ac6.mcu.externaltools.arm-none.linux64_1.7.0.201602291252/tools/compiler/bin/../lib/gcc/arm-none-eabi/5.2.1/armv7-m/libgcc.a(_arm_addsubsf3.o)
                              src/sonar_ctrl.o (__aeabi_fsub)
/home/marekf/Ac6/SystemWorkbench/plugins/fr.ac6.mcu.externaltools.arm-none.linux64_1.7.0.201602291252/tools/compiler/bin/../lib/gcc/arm-none-eabi/5.2.1/armv7-m/libgcc.a(_arm_muldivsf3.o)
                              src/sonar_ctrl.o (__aeabi_fmul)
/home/marekf/Ac6/SystemWorkbench/plugins/fr.ac6.mcu.externaltools.arm-none.linux64_1.7.0.201602291252/tools/compiler/bin/../lib/gcc/arm-none-eabi/5.2.1/armv7-m/libgcc.a(_arm_fixunssfsi.o)
                              src/sonar_ctrl.o (__aeabi_f2uiz)
/home/marekf/Ac6/SystemWorkbench/plugins/fr.ac6.mcu.externaltools.arm-none.linux64_1.7.0.201602291252/tools/compiler/bin/../lib/gcc/arm-none-eabi/5.2.1/../../../../arm-none-eabi/lib/armv7-m/libc.a(lib_a-errno.o)
                              src/syscalls.o (__errno)
/home/marekf/Ac6/SystemWorkbench/plugins/fr.ac6.mcu.externaltools.arm-none.linux64_1.7.0.201602291252/tools/compiler/bin/../lib/gcc/arm-none-eabi/5.2.1/../../../../arm-none-eabi/lib/armv7-m/libc.a(lib_a-exit.o)
                              /home/marekf/Ac6/SystemWorkbench/plugins/fr.ac6.mcu.externaltools.arm-none.linux64_1.7.0.201602291252/tools/compiler/bin/../lib/gcc/arm-none-eabi/5.2.1/../../../../arm-none-eabi/lib/armv7-m/crt0.o (exit)
/home/marekf/Ac6/SystemWorkbench/plugins/fr.ac6.mcu.externaltools.arm-none.linux64_1.7.0.201602291252/tools/compiler/bin/../lib/gcc/arm-none-eabi/5.2.1/../../../../arm-none-eabi/lib/armv7-m/libc.a(lib_a-impure.o)
                              /home/marekf/Ac6/SystemWorkbench/plugins/fr.ac6.mcu.externaltools.arm-none.linux64_1.7.0.201602291252/tools/compiler/bin/../lib/gcc/arm-none-eabi/5.2.1/../../../../arm-none-eabi/lib/armv7-m/libc.a(lib_a-exit.o) (_global_impure_ptr)
/home/marekf/Ac6/SystemWorkbench/plugins/fr.ac6.mcu.externaltools.arm-none.linux64_1.7.0.201602291252/tools/compiler/bin/../lib/gcc/arm-none-eabi/5.2.1/../../../../arm-none-eabi/lib/armv7-m/libc.a(lib_a-init.o)
                              /home/marekf/Ac6/SystemWorkbench/plugins/fr.ac6.mcu.externaltools.arm-none.linux64_1.7.0.201602291252/tools/compiler/bin/../lib/gcc/arm-none-eabi/5.2.1/../../../../arm-none-eabi/lib/armv7-m/crt0.o (__libc_init_array)
/home/marekf/Ac6/SystemWorkbench/plugins/fr.ac6.mcu.externaltools.arm-none.linux64_1.7.0.201602291252/tools/compiler/bin/../lib/gcc/arm-none-eabi/5.2.1/../../../../arm-none-eabi/lib/armv7-m/libc.a(lib_a-memset.o)
                              /home/marekf/Ac6/SystemWorkbench/plugins/fr.ac6.mcu.externaltools.arm-none.linux64_1.7.0.201602291252/tools/compiler/bin/../lib/gcc/arm-none-eabi/5.2.1/../../../../arm-none-eabi/lib/armv7-m/crt0.o (memset)
/home/marekf/Ac6/SystemWorkbench/plugins/fr.ac6.mcu.externaltools.arm-none.linux64_1.7.0.201602291252/tools/compiler/bin/../lib/gcc/arm-none-eabi/5.2.1/../../../../arm-none-eabi/lib/armv7-m/libc.a(lib_a-printf.o)
                              src/sonar_ctrl.o (printf)
/home/marekf/Ac6/SystemWorkbench/plugins/fr.ac6.mcu.externaltools.arm-none.linux64_1.7.0.201602291252/tools/compiler/bin/../lib/gcc/arm-none-eabi/5.2.1/../../../../arm-none-eabi/lib/armv7-m/libc.a(lib_a-strtol.o)
                              src/sonar_ctrl.o (strtol)
/home/marekf/Ac6/SystemWorkbench/plugins/fr.ac6.mcu.externaltools.arm-none.linux64_1.7.0.201602291252/tools/compiler/bin/../lib/gcc/arm-none-eabi/5.2.1/../../../../arm-none-eabi/lib/armv7-m/libc.a(lib_a-vfprintf.o)
                              /home/marekf/Ac6/SystemWorkbench/plugins/fr.ac6.mcu.externaltools.arm-none.linux64_1.7.0.201602291252/tools/compiler/bin/../lib/gcc/arm-none-eabi/5.2.1/../../../../arm-none-eabi/lib/armv7-m/libc.a(lib_a-printf.o) (_vfprintf_r)
/home/marekf/Ac6/SystemWorkbench/plugins/fr.ac6.mcu.externaltools.arm-none.linux64_1.7.0.201602291252/tools/compiler/bin/../lib/gcc/arm-none-eabi/5.2.1/../../../../arm-none-eabi/lib/armv7-m/libc.a(lib_a-wsetup.o)
                              /home/marekf/Ac6/SystemWorkbench/plugins/fr.ac6.mcu.externaltools.arm-none.linux64_1.7.0.201602291252/tools/compiler/bin/../lib/gcc/arm-none-eabi/5.2.1/../../../../arm-none-eabi/lib/armv7-m/libc.a(lib_a-vfprintf.o) (__swsetup_r)
/home/marekf/Ac6/SystemWorkbench/plugins/fr.ac6.mcu.externaltools.arm-none.linux64_1.7.0.201602291252/tools/compiler/bin/../lib/gcc/arm-none-eabi/5.2.1/../../../../arm-none-eabi/lib/armv7-m/libc.a(lib_a-__call_atexit.o)
                              /home/marekf/Ac6/SystemWorkbench/plugins/fr.ac6.mcu.externaltools.arm-none.linux64_1.7.0.201602291252/tools/compiler/bin/../lib/gcc/arm-none-eabi/5.2.1/../../../../arm-none-eabi/lib/armv7-m/libc.a(lib_a-exit.o) (__call_exitprocs)
[...]
Memory Configuration

Name             Origin             Length             Attributes
FLASH            0x08000000         0x00020000         xr
RAM              0x20000000         0x00005000         xrw
MEMORY_B1        0x60000000         0x00000000         xr
*default*        0x00000000         0xffffffff

Linker script and memory map

LOAD /home/marekf/Ac6/SystemWorkbench/plugins/fr.ac6.mcu.externaltools.arm-none.linux64_1.7.0.201602291252/tools/compiler/bin/../lib/gcc/arm-none-eabi/5.2.1/armv7-m/crti.o
LOAD /home/marekf/Ac6/SystemWorkbench/plugins/fr.ac6.mcu.externaltools.arm-none.linux64_1.7.0.201602291252/tools/compiler/bin/../lib/gcc/arm-none-eabi/5.2.1/armv7-m/crtbegin.o
LOAD /home/marekf/Ac6/SystemWorkbench/plugins/fr.ac6.mcu.externaltools.arm-none.linux64_1.7.0.201602291252/tools/compiler/bin/../lib/gcc/arm-none-eabi/5.2.1/../../../../arm-none-eabi/lib/armv7-m/crt0.o
LOAD /home/marekf/Ac6/SystemWorkbench/plugins/fr.ac6.mcu.externaltools.arm-none.linux64_1.7.0.201602291252/tools/compiler/bin/../lib/gcc/arm-none-eabi/5.2.1/../../../../arm-none-eabi/lib/armv7-m/libm.a
LOAD startup/startup_stm32f10x_md.o
LOAD src/hw_config.o
LOAD src/main.o
LOAD src/sonar_ctrl.o
LOAD src/syscalls.o
LOAD src/system_stm32f10x.o
LOAD StdPeriph_Driver/src/misc.o
LOAD StdPeriph_Driver/src/stm32f10x_adc.o
LOAD StdPeriph_Driver/src/stm32f10x_bkp.o
LOAD StdPeriph_Driver/src/stm32f10x_can.o
LOAD StdPeriph_Driver/src/stm32f10x_cec.o
LOAD StdPeriph_Driver/src/stm32f10x_crc.o
LOAD StdPeriph_Driver/src/stm32f10x_dac.o
LOAD StdPeriph_Driver/src/stm32f10x_dbgmcu.o
LOAD StdPeriph_Driver/src/stm32f10x_dma.o
LOAD StdPeriph_Driver/src/stm32f10x_exti.o
LOAD StdPeriph_Driver/src/stm32f10x_flash.o
LOAD StdPeriph_Driver/src/stm32f10x_fsmc.o
LOAD StdPeriph_Driver/src/stm32f10x_gpio.o
LOAD StdPeriph_Driver/src/stm32f10x_i2c.o
LOAD StdPeriph_Driver/src/stm32f10x_iwdg.o
LOAD StdPeriph_Driver/src/stm32f10x_pwr.o
LOAD StdPeriph_Driver/src/stm32f10x_rcc.o
LOAD StdPeriph_Driver/src/stm32f10x_rtc.o
LOAD StdPeriph_Driver/src/stm32f10x_sdio.o
LOAD StdPeriph_Driver/src/stm32f10x_spi.o
LOAD StdPeriph_Driver/src/stm32f10x_tim.o
LOAD StdPeriph_Driver/src/stm32f10x_usart.o
LOAD StdPeriph_Driver/src/stm32f10x_wwdg.o
START GROUP
LOAD /home/marekf/Ac6/SystemWorkbench/plugins/fr.ac6.mcu.externaltools.arm-none.linux64_1.7.0.201602291252/tools/compiler/bin/../lib/gcc/arm-none-eabi/5.2.1/armv7-m/libgcc.a
LOAD /home/marekf/Ac6/SystemWorkbench/plugins/fr.ac6.mcu.externaltools.arm-none.linux64_1.7.0.201602291252/tools/compiler/bin/../lib/gcc/arm-none-eabi/5.2.1/../../../../arm-none-eabi/lib/armv7-m/libc.a
END GROUP
LOAD /home/marekf/Ac6/SystemWorkbench/plugins/fr.ac6.mcu.externaltools.arm-none.linux64_1.7.0.201602291252/tools/compiler/bin/../lib/gcc/arm-none-eabi/5.2.1/armv7-m/crtend.o
LOAD /home/marekf/Ac6/SystemWorkbench/plugins/fr.ac6.mcu.externaltools.arm-none.linux64_1.7.0.201602291252/tools/compiler/bin/../lib/gcc/arm-none-eabi/5.2.1/armv7-m/crtn.o
                0x20005000                _estack = 0x20005000
                0x00000000                _Min_Heap_Size = 0x0
                0x00000100                _Min_Stack_Size = 0x100

.isr_vector     0x08000000      0x10c
                0x08000000                . = ALIGN (0x4)
 *(.isr_vector)
 .isr_vector    0x08000000      0x10c startup/startup_stm32f10x_md.o
                0x08000000                g_pfnVectors
                0x0800010c                . = ALIGN (0x4)

.text           0x08000110     0x78bc
                0x08000110                . = ALIGN (0x4)
 *(.text)
 .text          0x08000110       0xa4 /home/marekf/Ac6/SystemWorkbench/plugins/fr.ac6.mcu.externaltools.arm-none.linux64_1.7.0.201602291252/tools/compiler/bin/../lib/gcc/arm-none-eabi/5.2.1/armv7-m/crtbegin.o
 .text          0x080001b4      0x21c /home/marekf/Ac6/SystemWorkbench/plugins/fr.ac6.mcu.externaltools.arm-none.linux64_1.7.0.201602291252/tools/compiler/bin/../lib/gcc/arm-none-eabi/5.2.1/armv7-m/libgcc.a(_arm_addsubsf3.o)
                0x080001b4                __aeabi_frsub
                0x080001bc                __subsf3
                0x080001bc                __aeabi_fsub
                0x080001c0                __aeabi_fadd
                0x080001c0                __addsf3
                0x08000320                __aeabi_ui2f
                0x08000320                __floatunsisf
                0x08000328                __aeabi_i2f
                0x08000328                __floatsisf
                0x08000344                __floatundisf
                0x08000344                __aeabi_ul2f
                0x08000354                __floatdisf
                0x08000354                __aeabi_l2f
 .text          0x080003d0      0x2a0 /home/marekf/Ac6/SystemWorkbench/plugins/fr.ac6.mcu.externaltools.arm-none.linux64_1.7.0.201602291252/tools/compiler/bin/../lib/gcc/arm-none-eabi/5.2.1/armv7-m/libgcc.a(_arm_muldivsf3.o)
                0x080003d0                __mulsf3
                0x080003d0                __aeabi_fmul
                0x08000538                __divsf3
                0x08000538                __aeabi_fdiv
 .text          0x08000670       0x40 /home/marekf/Ac6/SystemWorkbench/plugins/fr.ac6.mcu.externaltools.arm-none.linux64_1.7.0.201602291252/tools/compiler/bin/../lib/gcc/arm-none-eabi/5.2.1/armv7-m/libgcc.a(_arm_fixunssfsi.o)
                0x08000670                __aeabi_f2uiz
                0x08000670                __fixunssfsi
 .text          0x080006b0       0xec /home/marekf/Ac6/SystemWorkbench/plugins/fr.ac6.mcu.externaltools.arm-none.linux64_1.7.0.201602291252/tools/compiler/bin/../lib/gcc/arm-none-eabi/5.2.1/../../../../arm-none-eabi/lib/armv7-m/libc.a(lib_a-memcpy.o)
                0x080006b0                memcpy
 .text          0x0800079c      0x370 /home/marekf/Ac6/SystemWorkbench/plugins/fr.ac6.mcu.externaltools.arm-none.linux64_1.7.0.201602291252/tools/compiler/bin/../lib/gcc/arm-none-eabi/5.2.1/armv7-m/libgcc.a(_arm_addsubdf3.o)
                0x0800079c                __aeabi_drsub
                0x080007a4                __aeabi_dsub
                0x080007a4                __subdf3
                0x080007a8                __adddf3
                0x080007a8                __aeabi_dadd
                0x08000a20                __aeabi_ui2d
                0x08000a20                __floatunsidf
                0x08000a40                __floatsidf
                0x08000a40                __aeabi_i2d
                0x08000a64                __extendsfdf2
                0x08000a64                __aeabi_f2d
                0x08000aa0                __aeabi_ul2d
                0x08000aa0                __floatundidf
                0x08000ab0                __floatdidf
                0x08000ab0                __aeabi_l2d
 .text          0x08000b0c      0x424 /home/marekf/Ac6/SystemWorkbench/plugins/fr.ac6.mcu.externaltools.arm-none.linux64_1.7.0.201602291252/tools/compiler/bin/../lib/gcc/arm-none-eabi/5.2.1/armv7-m/libgcc.a(_arm_muldivdf3.o)
                0x08000b0c                __aeabi_dmul
                0x08000b0c                __muldf3
                0x08000d60                __aeabi_ddiv
                0x08000d60                __divdf3
 .text          0x08000f30      0x110 /home/marekf/Ac6/SystemWorkbench/plugins/fr.ac6.mcu.externaltools.arm-none.linux64_1.7.0.201602291252/tools/compiler/bin/../lib/gcc/arm-none-eabi/5.2.1/armv7-m/libgcc.a(_arm_cmpdf2.o)
                0x08000f30                __gtdf2
                0x08000f30                __gedf2
                0x08000f38                __ltdf2
                0x08000f38                __ledf2
                0x08000f40                __cmpdf2
                0x08000f40                __eqdf2
                0x08000f40                __nedf2
                0x08000fbc                __aeabi_cdrcmple
                0x08000fcc                __aeabi_cdcmple
                0x08000fcc                __aeabi_cdcmpeq
                0x08000fdc                __aeabi_dcmpeq
                0x08000ff0                __aeabi_dcmplt
                0x08001004                __aeabi_dcmple
                0x08001018                __aeabi_dcmpge
                0x0800102c                __aeabi_dcmpgt
 .text          0x08001040       0x50 /home/marekf/Ac6/SystemWorkbench/plugins/fr.ac6.mcu.externaltools.arm-none.linux64_1.7.0.201602291252/tools/compiler/bin/../lib/gcc/arm-none-eabi/5.2.1/armv7-m/libgcc.a(_arm_fixdfsi.o)
                0x08001040                __fixdfsi
                0x08001040                __aeabi_d2iz
 .text          0x08001090       0x30 /home/marekf/Ac6/SystemWorkbench/plugins/fr.ac6.mcu.externaltools.arm-none.linux64_1.7.0.201602291252/tools/compiler/bin/../lib/gcc/arm-none-eabi/5.2.1/armv7-m/libgcc.a(_aeabi_uldivmod.o)
                0x08001090                __aeabi_uldivmod
 .text          0x080010c0      0x2ec /home/marekf/Ac6/SystemWorkbench/plugins/fr.ac6.mcu.externaltools.arm-none.linux64_1.7.0.201602291252/tools/compiler/bin/../lib/gcc/arm-none-eabi/5.2.1/armv7-m/libgcc.a(_udivmoddi4.o)
                0x080010c0                __udivmoddi4
 .text          0x080013ac        0x4 /home/marekf/Ac6/SystemWorkbench/plugins/fr.ac6.mcu.externaltools.arm-none.linux64_1.7.0.201602291252/tools/compiler/bin/../lib/gcc/arm-none-eabi/5.2.1/armv7-m/libgcc.a(_dvmd_tls.o)
                0x080013ac                __aeabi_ldiv0
                0x080013ac                __aeabi_idiv0
 *(.text*)
 .text.Reset_Handler
                0x080013b0       0x48 startup/startup_stm32f10x_md.o
                0x080013b0                Reset_Handler
 .text.Default_Handler
                0x080013f8        0x2 startup/startup_stm32f10x_md.o
                0x080013f8                EXTI2_IRQHandler
                0x080013f8                DebugMon_Handler
                0x080013f8                TIM1_CC_IRQHandler
                0x080013f8                HardFault_Handler
                0x080013f8                PVD_IRQHandler
                0x080013f8                PendSV_Handler
                0x080013f8                NMI_Handler
                0x080013f8                EXTI3_IRQHandler
                0x080013f8                EXTI0_IRQHandler
                0x080013f8                I2C2_EV_IRQHandler
                0x080013f8                UsageFault_Handler
                0x080013f8                ADC1_2_IRQHandler
                0x080013f8                SPI1_IRQHandler
                0x080013f8                TAMPER_IRQHandler
                0x080013f8                DMA1_Channel4_IRQHandler
                0x080013f8                USART3_IRQHandler
                0x080013f8                RTC_IRQHandler
                0x080013f8                DMA1_Channel7_IRQHandler
                0x080013f8                CAN1_RX1_IRQHandler
                0x080013f8                TIM4_IRQHandler
                0x080013f8                I2C1_EV_IRQHandler
                0x080013f8                DMA1_Channel6_IRQHandler
                0x080013f8                TIM3_IRQHandler
                0x080013f8                RCC_IRQHandler
                0x080013f8                TIM1_TRG_COM_IRQHandler
                0x080013f8                DMA1_Channel1_IRQHandler
                0x080013f8                Default_Handler
                0x080013f8                EXTI15_10_IRQHandler
                0x080013f8                EXTI9_5_IRQHandler
                0x080013f8                SPI2_IRQHandler
                0x080013f8                MemManage_Handler
                0x080013f8                SVC_Handler
                0x080013f8                DMA1_Channel5_IRQHandler
                0x080013f8                EXTI4_IRQHandler
                0x080013f8                USB_LP_CAN1_RX0_IRQHandler
                0x080013f8                USB_HP_CAN1_TX_IRQHandler
                0x080013f8                DMA1_Channel3_IRQHandler
                0x080013f8                TIM1_UP_IRQHandler
                0x080013f8                WWDG_IRQHandler
                0x080013f8                TIM1_BRK_IRQHandler
                0x080013f8                EXTI1_IRQHandler
                0x080013f8                RTCAlarm_IRQHandler
                0x080013f8                USART2_IRQHandler
                0x080013f8                I2C2_ER_IRQHandler
                0x080013f8                DMA1_Channel2_IRQHandler
                0x080013f8                CAN1_SCE_IRQHandler
                0x080013f8                FLASH_IRQHandler
                0x080013f8                BusFault_Handler
                0x080013f8                USART1_IRQHandler
                0x080013f8                I2C1_ER_IRQHandler
                0x080013f8                USBWakeUp_IRQHandler
 *fill*         0x080013fa        0x2 
 .text.NVIC_SetPriority
                0x080013fc       0x54 src/hw_config.o
 .text.SysTick_Config
                0x08001450       0x44 src/hw_config.o
 .text.hardware_config
                0x08001494       0x3c src/hw_config.o
                0x08001494                hardware_config
 .text.GPIO_Configuration
                0x080014d0       0x9c src/hw_config.o
                0x080014d0                GPIO_Configuration
 .text.UART_Configuration
                0x0800156c       0x3c src/hw_config.o
                0x0800156c                UART_Configuration
 .text.DMA_Configuration
                0x080015a8       0x64 src/hw_config.o
                0x080015a8                DMA_Configuration
 .text.ADC_Configuration
                0x0800160c       0xa0 src/hw_config.o
                0x0800160c                ADC_Configuration
 .text.TIM_Configuration
                0x080016ac       0xa8 src/hw_config.o
                0x080016ac                TIM_Configuration
 .text.NVIC_Configuration
                0x08001754       0x28 src/hw_config.o
                0x08001754                NVIC_Configuration
 .text.TIM2_IRQHandler
                0x0800177c       0x48 src/main.o
                0x0800177c                TIM2_IRQHandler
 .text.main     0x080017c4       0x38 src/main.o
                0x080017c4                main
 .text.SysTick_Handler
                0x080017fc       0x24 src/sonar_ctrl.o
                0x080017fc                SysTick_Handler
 .text.delay_ms
                0x08001820       0x28 src/sonar_ctrl.o
                0x08001820                delay_ms
 .text.__io_putchar
                0x08001848       0x1c src/sonar_ctrl.o
                0x08001848                __io_putchar
 .text.send_char
                0x08001864       0x34 src/sonar_ctrl.o
                0x08001864                send_char
 .text.servo_sonar_control
                0x08001898      0x37c src/sonar_ctrl.o
                0x08001898                servo_sonar_control
 .text.data_acquisition
                0x08001c14      0x10c src/sonar_ctrl.o
                0x08001c14                data_acquisition
 .text._read    0x08001d20       0x3c src/syscalls.o
                0x08001d20                _read
 .text._write   0x08001d5c       0x38 src/syscalls.o
                0x08001d5c                _write
 .text._sbrk    0x08001d94       0x58 src/syscalls.o
                0x08001d94                _sbrk
 .text._close   0x08001dec       0x18 src/syscalls.o
                0x08001dec                _close
 .text._fstat   0x08001e04       0x20 src/syscalls.o
                0x08001e04                _fstat
 .text._isatty  0x08001e24       0x14 src/syscalls.o
                0x08001e24                _isatty
 .text._lseek   0x08001e38       0x18 src/syscalls.o
                0x08001e38                _lseek
 .text.SystemInit
                0x08001e50       0x68 src/system_stm32f10x.o
                0x08001e50                SystemInit
 .text.SetSysClock
                0x08001eb8       0xb8 src/system_stm32f10x.o
 .text.NVIC_Init
                0x08001f70       0xc4 StdPeriph_Driver/src/misc.o
                0x08001f70                NVIC_Init
 .text.ADC_Init
                0x08002034       0xa4 StdPeriph_Driver/src/stm32f10x_adc.o
                0x08002034                ADC_Init
 .text.ADC_StructInit
                0x080020d8       0x38 StdPeriph_Driver/src/stm32f10x_adc.o
                0x080020d8                ADC_StructInit
 .text.ADC_Cmd  0x08002110       0x38 StdPeriph_Driver/src/stm32f10x_adc.o
                0x08002110                ADC_Cmd
 .text.ADC_DMACmd
                0x08002148       0x38 StdPeriph_Driver/src/stm32f10x_adc.o
                0x08002148                ADC_DMACmd
 .text.ADC_ResetCalibration
                0x08002180       0x20 StdPeriph_Driver/src/stm32f10x_adc.o
                0x08002180                ADC_ResetCalibration
 .text.ADC_GetResetCalibrationStatus
                0x080021a0       0x30 StdPeriph_Driver/src/stm32f10x_adc.o
                0x080021a0                ADC_GetResetCalibrationStatus
 .text.ADC_StartCalibration
                0x080021d0       0x20 StdPeriph_Driver/src/stm32f10x_adc.o
                0x080021d0                ADC_StartCalibration
 .text.ADC_GetCalibrationStatus
                0x080021f0       0x30 StdPeriph_Driver/src/stm32f10x_adc.o
                0x080021f0                ADC_GetCalibrationStatus
 .text.ADC_SoftwareStartConvCmd
                0x08002220       0x38 StdPeriph_Driver/src/stm32f10x_adc.o
                0x08002220                ADC_SoftwareStartConvCmd
 .text.ADC_RegularChannelConfig
                0x08002258      0x194 StdPeriph_Driver/src/stm32f10x_adc.o
                0x08002258                ADC_RegularChannelConfig
 .text.DMA_Init
                0x080023ec       0x7c StdPeriph_Driver/src/stm32f10x_dma.o
                0x080023ec                DMA_Init
 .text.DMA_StructInit
                0x08002468       0x54 StdPeriph_Driver/src/stm32f10x_dma.o
                0x08002468                DMA_StructInit
 .text.DMA_Cmd  0x080024bc       0x38 StdPeriph_Driver/src/stm32f10x_dma.o
                0x080024bc                DMA_Cmd
 .text.GPIO_Init
                0x080024f4      0x178 StdPeriph_Driver/src/stm32f10x_gpio.o
                0x080024f4                GPIO_Init
 .text.GPIO_SetBits
                0x0800266c       0x1c StdPeriph_Driver/src/stm32f10x_gpio.o
                0x0800266c                GPIO_SetBits
 .text.GPIO_ResetBits
                0x08002688       0x1c StdPeriph_Driver/src/stm32f10x_gpio.o
                0x08002688                GPIO_ResetBits
 .text.RCC_ADCCLKConfig
                0x080026a4       0x38 StdPeriph_Driver/src/stm32f10x_rcc.o
                0x080026a4                RCC_ADCCLKConfig
 .text.RCC_GetClocksFreq
                0x080026dc      0x160 StdPeriph_Driver/src/stm32f10x_rcc.o
                0x080026dc                RCC_GetClocksFreq
 .text.RCC_AHBPeriphClockCmd
                0x0800283c       0x3c StdPeriph_Driver/src/stm32f10x_rcc.o
                0x0800283c                RCC_AHBPeriphClockCmd
 .text.RCC_APB2PeriphClockCmd
                0x08002878       0x3c StdPeriph_Driver/src/stm32f10x_rcc.o
                0x08002878                RCC_APB2PeriphClockCmd
 .text.RCC_APB1PeriphClockCmd
                0x080028b4       0x3c StdPeriph_Driver/src/stm32f10x_rcc.o
                0x080028b4                RCC_APB1PeriphClockCmd
 .text.TIM_TimeBaseInit
                0x080028f0       0xf8 StdPeriph_Driver/src/stm32f10x_tim.o
                0x080028f0                TIM_TimeBaseInit
 .text.TIM_OC3Init
                0x080029e8      0x10c StdPeriph_Driver/src/stm32f10x_tim.o
                0x080029e8                TIM_OC3Init
 .text.TIM_TimeBaseStructInit
                0x08002af4       0x34 StdPeriph_Driver/src/stm32f10x_tim.o
                0x08002af4                TIM_TimeBaseStructInit
 .text.TIM_Cmd  0x08002b28       0x40 StdPeriph_Driver/src/stm32f10x_tim.o
                0x08002b28                TIM_Cmd
 .text.TIM_ITConfig
                0x08002b68       0x48 StdPeriph_Driver/src/stm32f10x_tim.o
                0x08002b68                TIM_ITConfig
 .text.TIM_ARRPreloadConfig
                0x08002bb0       0x40 StdPeriph_Driver/src/stm32f10x_tim.o
                0x08002bb0                TIM_ARRPreloadConfig
 .text.TIM_OC3PreloadConfig
                0x08002bf0       0x38 StdPeriph_Driver/src/stm32f10x_tim.o
                0x08002bf0                TIM_OC3PreloadConfig
 .text.TIM_GetITStatus
                0x08002c28       0x54 StdPeriph_Driver/src/stm32f10x_tim.o
                0x08002c28                TIM_GetITStatus
 .text.TIM_ClearITPendingBit
                0x08002c7c       0x20 StdPeriph_Driver/src/stm32f10x_tim.o
                0x08002c7c                TIM_ClearITPendingBit
 .text.USART_Init
                0x08002c9c      0x178 StdPeriph_Driver/src/stm32f10x_usart.o
                0x08002c9c                USART_Init
 .text.USART_StructInit
                0x08002e14       0x38 StdPeriph_Driver/src/stm32f10x_usart.o
                0x08002e14                USART_StructInit
 .text.USART_Cmd
                0x08002e4c       0x40 StdPeriph_Driver/src/stm32f10x_usart.o
                0x08002e4c                USART_Cmd
 .text.USART_SendData
                0x08002e8c       0x24 StdPeriph_Driver/src/stm32f10x_usart.o
                0x08002e8c                USART_SendData
 .text.USART_ReceiveData
                0x08002eb0       0x20 StdPeriph_Driver/src/stm32f10x_usart.o
                0x08002eb0                USART_ReceiveData
 .text.USART_GetFlagStatus
                0x08002ed0       0x38 StdPeriph_Driver/src/stm32f10x_usart.o
                0x08002ed0                USART_GetFlagStatus
 .text.__errno  0x08002f08        0xc /home/marekf/Ac6/SystemWorkbench/plugins/fr.ac6.mcu.externaltools.arm-none.linux64_1.7.0.201602291252/tools/compiler/bin/../lib/gcc/arm-none-eabi/5.2.1/../../../../arm-none-eabi/lib/armv7-m/libc.a(lib_a-errno.o)
                0x08002f08                __errno
 .text.__libc_init_array
                0x08002f14       0x50 /home/marekf/Ac6/SystemWorkbench/plugins/fr.ac6.mcu.externaltools.arm-none.linux64_1.7.0.201602291252/tools/compiler/bin/../lib/gcc/arm-none-eabi/5.2.1/../../../../arm-none-eabi/lib/armv7-m/libc.a(lib_a-init.o)
                0x08002f14                __libc_init_array
 .text.memset   0x08002f64       0x9c /home/marekf/Ac6/SystemWorkbench/plugins/fr.ac6.mcu.externaltools.arm-none.linux64_1.7.0.201602291252/tools/compiler/bin/../lib/gcc/arm-none-eabi/5.2.1/../../../../arm-none-eabi/lib/armv7-m/libc.a(lib_a-memset.o)
                0x08002f64                memset
 .text.printf   0x08003000       0x28 /home/marekf/Ac6/SystemWorkbench/plugins/fr.ac6.mcu.externaltools.arm-none.linux64_1.7.0.201602291252/tools/compiler/bin/../lib/gcc/arm-none-eabi/5.2.1/../../../../arm-none-eabi/lib/armv7-m/libc.a(lib_a-printf.o)
                0x08003000                printf
 .text._strtol_r
                0x08003028      0x128 /home/marekf/Ac6/SystemWorkbench/plugins/fr.ac6.mcu.externaltools.arm-none.linux64_1.7.0.201602291252/tools/compiler/bin/../lib/gcc/arm-none-eabi/5.2.1/../../../../arm-none-eabi/lib/armv7-m/libc.a(lib_a-strtol.o)
                0x08003028                _strtol_r
 .text.strtol   0x08003150       0x18 /home/marekf/Ac6/SystemWorkbench/plugins/fr.ac6.mcu.externaltools.arm-none.linux64_1.7.0.201602291252/tools/compiler/bin/../lib/gcc/arm-none-eabi/5.2.1/../../../../arm-none-eabi/lib/armv7-m/libc.a(lib_a-strtol.o)
                0x08003150                strtol
 .text._vfprintf_r
                0x08003168     0x1718 /home/marekf/Ac6/SystemWorkbench/plugins/fr.ac6.mcu.externaltools.arm-none.linux64_1.7.0.201602291252/tools/compiler/bin/../lib/gcc/arm-none-eabi/5.2.1/../../../../arm-none-eabi/lib/armv7-m/libc.a(lib_a-vfprintf.o)
                0x08003168                _vfprintf_r
 .text.__sbprintf
                0x08004880       0x6c /home/marekf/Ac6/SystemWorkbench/plugins/fr.ac6.mcu.externaltools.arm-none.linux64_1.7.0.201602291252/tools/compiler/bin/../lib/gcc/arm-none-eabi/5.2.1/../../../../arm-none-eabi/lib/armv7-m/libc.a(lib_a-vfprintf.o)
 .text.__swsetup_r
                0x080048ec       0xc4 /home/marekf/Ac6/SystemWorkbench/plugins/fr.ac6.mcu.externaltools.arm-none.linux64_1.7.0.201602291252/tools/compiler/bin/../lib/gcc/arm-none-eabi/5.2.1/../../../../arm-none-eabi/lib/armv7-m/libc.a(lib_a-wsetup.o)
                0x080048ec                __swsetup_r
 .text.startup.register_fini
                0x080049b0       0x14 /home/marekf/Ac6/SystemWorkbench/plugins/fr.ac6.mcu.externaltools.arm-none.linux64_1.7.0.201602291252/tools/compiler/bin/../lib/gcc/arm-none-eabi/5.2.1/../../../../arm-none-eabi/lib/armv7-m/libc.a(lib_a-__call_atexit.o)
 .text.atexit   0x080049c4        0xc /home/marekf/Ac6/SystemWorkbench/plugins/fr.ac6.mcu.externaltools.arm-none.linux64_1.7.0.201602291252/tools/compiler/bin/../lib/gcc/arm-none-eabi/5.2.1/../../../../arm-none-eabi/lib/armv7-m/libc.a(lib_a-atexit.o)
                0x080049c4                atexit
 .text.quorem   0x080049d0      0x12c /home/marekf/Ac6/SystemWorkbench/plugins/fr.ac6.mcu.externaltools.arm-none.linux64_1.7.0.201602291252/tools/compiler/bin/../lib/gcc/arm-none-eabi/5.2.1/../../../../arm-none-eabi/lib/armv7-m/libc.a(lib_a-dtoa.o)
 *fill*         0x08004afc        0x4 
 .text._dtoa_r  0x08004b00      0xe4c /home/marekf/Ac6/SystemWorkbench/plugins/fr.ac6.mcu.externaltools.arm-none.linux64_1.7.0.201602291252/tools/compiler/bin/../lib/gcc/arm-none-eabi/5.2.1/../../../../arm-none-eabi/lib/armv7-m/libc.a(lib_a-dtoa.o)
                0x08004b00                _dtoa_r
 .text.__sflush_r
                0x0800594c      0x148 /home/marekf/Ac6/SystemWorkbench/plugins/fr.ac6.mcu.externaltools.arm-none.linux64_1.7.0.201602291252/tools/compiler/bin/../lib/gcc/arm-none-eabi/5.2.1/../../../../arm-none-eabi/lib/armv7-m/libc.a(lib_a-fflush.o)
                0x0800594c                __sflush_r
 .text._fflush_r
                0x08005a94       0x2c /home/marekf/Ac6/SystemWorkbench/plugins/fr.ac6.mcu.externaltools.arm-none.linux64_1.7.0.201602291252/tools/compiler/bin/../lib/gcc/arm-none-eabi/5.2.1/../../../../arm-none-eabi/lib/armv7-m/libc.a(lib_a-fflush.o)
                0x08005a94                _fflush_r
 .text._cleanup_r
                0x08005ac0        0xc /home/marekf/Ac6/SystemWorkbench/plugins/fr.ac6.mcu.externaltools.arm-none.linux64_1.7.0.201602291252/tools/compiler/bin/../lib/gcc/arm-none-eabi/5.2.1/../../../../arm-none-eabi/lib/armv7-m/libc.a(lib_a-findfp.o)
                0x08005ac0                _cleanup_r
 .text.__sinit.part.1
                0x08005acc       0xf0 /home/marekf/Ac6/SystemWorkbench/plugins/fr.ac6.mcu.externaltools.arm-none.linux64_1.7.0.201602291252/tools/compiler/bin/../lib/gcc/arm-none-eabi/5.2.1/../../../../arm-none-eabi/lib/armv7-m/libc.a(lib_a-findfp.o)
 .text.__sinit  0x08005bbc        0xc /home/marekf/Ac6/SystemWorkbench/plugins/fr.ac6.mcu.externaltools.arm-none.linux64_1.7.0.201602291252/tools/compiler/bin/../lib/gcc/arm-none-eabi/5.2.1/../../../../arm-none-eabi/lib/armv7-m/libc.a(lib_a-findfp.o)
                0x08005bbc                __sinit
 .text.__sfp_lock_acquire
                0x08005bc8        0x4 /home/marekf/Ac6/SystemWorkbench/plugins/fr.ac6.mcu.externaltools.arm-none.linux64_1.7.0.201602291252/tools/compiler/bin/../lib/gcc/arm-none-eabi/5.2.1/../../../../arm-none-eabi/lib/armv7-m/libc.a(lib_a-findfp.o)
                0x08005bc8                __sfp_lock_acquire
 .text.__sfp_lock_release
                0x08005bcc        0x4 /home/marekf/Ac6/SystemWorkbench/plugins/fr.ac6.mcu.externaltools.arm-none.linux64_1.7.0.201602291252/tools/compiler/bin/../lib/gcc/arm-none-eabi/5.2.1/../../../../arm-none-eabi/lib/armv7-m/libc.a(lib_a-findfp.o)
                0x08005bcc                __sfp_lock_release
 .text.__libc_fini_array
                0x08005bd0       0x28 /home/marekf/Ac6/SystemWorkbench/plugins/fr.ac6.mcu.externaltools.arm-none.linux64_1.7.0.201602291252/tools/compiler/bin/../lib/gcc/arm-none-eabi/5.2.1/../../../../arm-none-eabi/lib/armv7-m/libc.a(lib_a-fini.o)
                0x08005bd0                __libc_fini_array
 .text._malloc_trim_r
                0x08005bf8       0x9c /home/marekf/Ac6/SystemWorkbench/plugins/fr.ac6.mcu.externaltools.arm-none.linux64_1.7.0.201602291252/tools/compiler/bin/../lib/gcc/arm-none-eabi/5.2.1/../../../../arm-none-eabi/lib/armv7-m/libc.a(lib_a-freer.o)
                0x08005bf8                _malloc_trim_r
 .text._free_r  0x08005c94      0x1d0 /home/marekf/Ac6/SystemWorkbench/plugins/fr.ac6.mcu.externaltools.arm-none.linux64_1.7.0.201602291252/tools/compiler/bin/../lib/gcc/arm-none-eabi/5.2.1/../../../../arm-none-eabi/lib/armv7-m/libc.a(lib_a-freer.o)
                0x08005c94                _free_r
 .text._fwalk_reent
                0x08005e64       0x50 /home/marekf/Ac6/SystemWorkbench/plugins/fr.ac6.mcu.externaltools.arm-none.linux64_1.7.0.201602291252/tools/compiler/bin/../lib/gcc/arm-none-eabi/5.2.1/../../../../arm-none-eabi/lib/armv7-m/libc.a(lib_a-fwalk.o)
                0x08005e64                _fwalk_reent
 .text.__locale_charset
                0x08005eb4        0x8 /home/marekf/Ac6/SystemWorkbench/plugins/fr.ac6.mcu.externaltools.arm-none.linux64_1.7.0.201602291252/tools/compiler/bin/../lib/gcc/arm-none-eabi/5.2.1/../../../../arm-none-eabi/lib/armv7-m/libc.a(lib_a-locale.o)
                0x08005eb4                __locale_charset
 .text.__locale_mb_cur_max
                0x08005ebc        0xc /home/marekf/Ac6/SystemWorkbench/plugins/fr.ac6.mcu.externaltools.arm-none.linux64_1.7.0.201602291252/tools/compiler/bin/../lib/gcc/arm-none-eabi/5.2.1/../../../../arm-none-eabi/lib/armv7-m/libc.a(lib_a-locale.o)
                0x08005ebc                __locale_mb_cur_max
 .text._localeconv_r
                0x08005ec8        0x8 /home/marekf/Ac6/SystemWorkbench/plugins/fr.ac6.mcu.externaltools.arm-none.linux64_1.7.0.201602291252/tools/compiler/bin/../lib/gcc/arm-none-eabi/5.2.1/../../../../arm-none-eabi/lib/armv7-m/libc.a(lib_a-locale.o)
                0x08005ec8                _localeconv_r
 .text.__smakebuf_r
                0x08005ed0       0xe0 /home/marekf/Ac6/SystemWorkbench/plugins/fr.ac6.mcu.externaltools.arm-none.linux64_1.7.0.201602291252/tools/compiler/bin/../lib/gcc/arm-none-eabi/5.2.1/../../../../arm-none-eabi/lib/armv7-m/libc.a(lib_a-makebuf.o)
                0x08005ed0                __smakebuf_r
 .text._malloc_r
                0x08005fb0      0x558 /home/marekf/Ac6/SystemWorkbench/plugins/fr.ac6.mcu.externaltools.arm-none.linux64_1.7.0.201602291252/tools/compiler/bin/../lib/gcc/arm-none-eabi/5.2.1/../../../../arm-none-eabi/lib/armv7-m/libc.a(lib_a-mallocr.o)
                0x08005fb0                _malloc_r
 .text.memchr   0x08006508       0x8c /home/marekf/Ac6/SystemWorkbench/plugins/fr.ac6.mcu.externaltools.arm-none.linux64_1.7.0.201602291252/tools/compiler/bin/../lib/gcc/arm-none-eabi/5.2.1/../../../../arm-none-eabi/lib/armv7-m/libc.a(lib_a-memchr-stub.o)
                0x08006508                memchr
 .text.__malloc_lock
                0x08006594        0x4 /home/marekf/Ac6/SystemWorkbench/plugins/fr.ac6.mcu.externaltools.arm-none.linux64_1.7.0.201602291252/tools/compiler/bin/../lib/gcc/arm-none-eabi/5.2.1/../../../../arm-none-eabi/lib/armv7-m/libc.a(lib_a-mlock.o)
                0x08006594                __malloc_lock
 .text.__malloc_unlock
                0x08006598        0x4 /home/marekf/Ac6/SystemWorkbench/plugins/fr.ac6.mcu.externaltools.arm-none.linux64_1.7.0.201602291252/tools/compiler/bin/../lib/gcc/arm-none-eabi/5.2.1/../../../../arm-none-eabi/lib/armv7-m/libc.a(lib_a-mlock.o)
                0x08006598                __malloc_unlock
 .text._Balloc  0x0800659c       0x50 /home/marekf/Ac6/SystemWorkbench/plugins/fr.ac6.mcu.externaltools.arm-none.linux64_1.7.0.201602291252/tools/compiler/bin/../lib/gcc/arm-none-eabi/5.2.1/../../../../arm-none-eabi/lib/armv7-m/libc.a(lib_a-mprec.o)
                0x0800659c                _Balloc
 .text._Bfree   0x080065ec       0x14 /home/marekf/Ac6/SystemWorkbench/plugins/fr.ac6.mcu.externaltools.arm-none.linux64_1.7.0.201602291252/tools/compiler/bin/../lib/gcc/arm-none-eabi/5.2.1/../../../../arm-none-eabi/lib/armv7-m/libc.a(lib_a-mprec.o)
                0x080065ec                _Bfree
 .text.__multadd
                0x08006600       0x80 /home/marekf/Ac6/SystemWorkbench/plugins/fr.ac6.mcu.externaltools.arm-none.linux64_1.7.0.201602291252/tools/compiler/bin/../lib/gcc/arm-none-eabi/5.2.1/../../../../arm-none-eabi/lib/armv7-m/libc.a(lib_a-mprec.o)
                0x08006600                __multadd
 .text.__hi0bits
                0x08006680       0x40 /home/marekf/Ac6/SystemWorkbench/plugins/fr.ac6.mcu.externaltools.arm-none.linux64_1.7.0.201602291252/tools/compiler/bin/../lib/gcc/arm-none-eabi/5.2.1/../../../../arm-none-eabi/lib/armv7-m/libc.a(lib_a-mprec.o)
                0x08006680                __hi0bits
 .text.__lo0bits
                0x080066c0       0x5c /home/marekf/Ac6/SystemWorkbench/plugins/fr.ac6.mcu.externaltools.arm-none.linux64_1.7.0.201602291252/tools/compiler/bin/../lib/gcc/arm-none-eabi/5.2.1/../../../../arm-none-eabi/lib/armv7-m/libc.a(lib_a-mprec.o)
                0x080066c0                __lo0bits
 .text.__i2b    0x0800671c       0x14 /home/marekf/Ac6/SystemWorkbench/plugins/fr.ac6.mcu.externaltools.arm-none.linux64_1.7.0.201602291252/tools/compiler/bin/../lib/gcc/arm-none-eabi/5.2.1/../../../../arm-none-eabi/lib/armv7-m/libc.a(lib_a-mprec.o)
                0x0800671c                __i2b
 .text.__multiply
                0x08006730      0x13c /home/marekf/Ac6/SystemWorkbench/plugins/fr.ac6.mcu.externaltools.arm-none.linux64_1.7.0.201602291252/tools/compiler/bin/../lib/gcc/arm-none-eabi/5.2.1/../../../../arm-none-eabi/lib/armv7-m/libc.a(lib_a-mprec.o)
                0x08006730                __multiply
 .text.__pow5mult
                0x0800686c       0xa0 /home/marekf/Ac6/SystemWorkbench/plugins/fr.ac6.mcu.externaltools.arm-none.linux64_1.7.0.201602291252/tools/compiler/bin/../lib/gcc/arm-none-eabi/5.2.1/../../../../arm-none-eabi/lib/armv7-m/libc.a(lib_a-mprec.o)
                0x0800686c                __pow5mult
 .text.__lshift
                0x0800690c       0xac /home/marekf/Ac6/SystemWorkbench/plugins/fr.ac6.mcu.externaltools.arm-none.linux64_1.7.0.201602291252/tools/compiler/bin/../lib/gcc/arm-none-eabi/5.2.1/../../../../arm-none-eabi/lib/armv7-m/libc.a(lib_a-mprec.o)
                0x0800690c                __lshift
 .text.__mcmp   0x080069b8       0x40 /home/marekf/Ac6/SystemWorkbench/plugins/fr.ac6.mcu.externaltools.arm-none.linux64_1.7.0.201602291252/tools/compiler/bin/../lib/gcc/arm-none-eabi/5.2.1/../../../../arm-none-eabi/lib/armv7-m/libc.a(lib_a-mprec.o)
                0x080069b8                __mcmp
 .text.__mdiff  0x080069f8      0x128 /home/marekf/Ac6/SystemWorkbench/plugins/fr.ac6.mcu.externaltools.arm-none.linux64_1.7.0.201602291252/tools/compiler/bin/../lib/gcc/arm-none-eabi/5.2.1/../../../../arm-none-eabi/lib/armv7-m/libc.a(lib_a-mprec.o)
                0x080069f8                __mdiff
 .text.__d2b    0x08006b20       0xa8 /home/marekf/Ac6/SystemWorkbench/plugins/fr.ac6.mcu.externaltools.arm-none.linux64_1.7.0.201602291252/tools/compiler/bin/../lib/gcc/arm-none-eabi/5.2.1/../../../../arm-none-eabi/lib/armv7-m/libc.a(lib_a-mprec.o)
                0x08006b20                __d2b
 .text.__fpclassifyd
                0x08006bc8       0x54 /home/marekf/Ac6/SystemWorkbench/plugins/fr.ac6.mcu.externaltools.arm-none.linux64_1.7.0.201602291252/tools/compiler/bin/../lib/gcc/arm-none-eabi/5.2.1/../../../../arm-none-eabi/lib/armv7-m/libc.a(lib_a-s_fpclassify.o)
                0x08006bc8                __fpclassifyd
 .text._sbrk_r  0x08006c1c       0x24 /home/marekf/Ac6/SystemWorkbench/plugins/fr.ac6.mcu.externaltools.arm-none.linux64_1.7.0.201602291252/tools/compiler/bin/../lib/gcc/arm-none-eabi/5.2.1/../../../../arm-none-eabi/lib/armv7-m/libc.a(lib_a-sbrkr.o)
                0x08006c1c                _sbrk_r
 .text.__sread  0x08006c40       0x24 /home/marekf/Ac6/SystemWorkbench/plugins/fr.ac6.mcu.externaltools.arm-none.linux64_1.7.0.201602291252/tools/compiler/bin/../lib/gcc/arm-none-eabi/5.2.1/../../../../arm-none-eabi/lib/armv7-m/libc.a(lib_a-stdio.o)
                0x08006c40                __sread
 .text.__swrite
                0x08006c64       0x38 /home/marekf/Ac6/SystemWorkbench/plugins/fr.ac6.mcu.externaltools.arm-none.linux64_1.7.0.201602291252/tools/compiler/bin/../lib/gcc/arm-none-eabi/5.2.1/../../../../arm-none-eabi/lib/armv7-m/libc.a(lib_a-stdio.o)
                0x08006c64                __swrite
 .text.__sseek  0x08006c9c       0x20 /home/marekf/Ac6/SystemWorkbench/plugins/fr.ac6.mcu.externaltools.arm-none.linux64_1.7.0.201602291252/tools/compiler/bin/../lib/gcc/arm-none-eabi/5.2.1/../../../../arm-none-eabi/lib/armv7-m/libc.a(lib_a-stdio.o)
                0x08006c9c                __sseek
 .text.__sclose
                0x08006cbc        0x8 /home/marekf/Ac6/SystemWorkbench/plugins/fr.ac6.mcu.externaltools.arm-none.linux64_1.7.0.201602291252/tools/compiler/bin/../lib/gcc/arm-none-eabi/5.2.1/../../../../arm-none-eabi/lib/armv7-m/libc.a(lib_a-stdio.o)
                0x08006cbc                __sclose
 .text.strlen   0x08006cc4       0x5c /home/marekf/Ac6/SystemWorkbench/plugins/fr.ac6.mcu.externaltools.arm-none.linux64_1.7.0.201602291252/tools/compiler/bin/../lib/gcc/arm-none-eabi/5.2.1/../../../../arm-none-eabi/lib/armv7-m/libc.a(lib_a-strlen-stub.o)
                0x08006cc4                strlen
 .text.__sprint_r.part.0
                0x08006d20       0x78 /home/marekf/Ac6/SystemWorkbench/plugins/fr.ac6.mcu.externaltools.arm-none.linux64_1.7.0.201602291252/tools/compiler/bin/../lib/gcc/arm-none-eabi/5.2.1/../../../../arm-none-eabi/lib/armv7-m/libc.a(lib_a-vfiprintf.o)
 .text.__sprint_r
                0x08006d98       0x14 /home/marekf/Ac6/SystemWorkbench/plugins/fr.ac6.mcu.externaltools.arm-none.linux64_1.7.0.201602291252/tools/compiler/bin/../lib/gcc/arm-none-eabi/5.2.1/../../../../arm-none-eabi/lib/armv7-m/libc.a(lib_a-vfiprintf.o)
                0x08006d98                __sprint_r
 .text._write_r
                0x08006dac       0x2c /home/marekf/Ac6/SystemWorkbench/plugins/fr.ac6.mcu.externaltools.arm-none.linux64_1.7.0.201602291252/tools/compiler/bin/../lib/gcc/arm-none-eabi/5.2.1/../../../../arm-none-eabi/lib/armv7-m/libc.a(lib_a-writer.o)
                0x08006dac                _write_r
 .text.__register_exitproc
                0x08006dd8       0xa4 /home/marekf/Ac6/SystemWorkbench/plugins/fr.ac6.mcu.externaltools.arm-none.linux64_1.7.0.201602291252/tools/compiler/bin/../lib/gcc/arm-none-eabi/5.2.1/../../../../arm-none-eabi/lib/armv7-m/libc.a(lib_a-__atexit.o)
                0x08006dd8                __register_exitproc
 .text._calloc_r
                0x08006e7c       0x60 /home/marekf/Ac6/SystemWorkbench/plugins/fr.ac6.mcu.externaltools.arm-none.linux64_1.7.0.201602291252/tools/compiler/bin/../lib/gcc/arm-none-eabi/5.2.1/../../../../arm-none-eabi/lib/armv7-m/libc.a(lib_a-callocr.o)
                0x08006e7c                _calloc_r
 .text._close_r
                0x08006edc       0x24 /home/marekf/Ac6/SystemWorkbench/plugins/fr.ac6.mcu.externaltools.arm-none.linux64_1.7.0.201602291252/tools/compiler/bin/../lib/gcc/arm-none-eabi/5.2.1/../../../../arm-none-eabi/lib/armv7-m/libc.a(lib_a-closer.o)
                0x08006edc                _close_r
 .text._fclose_r
                0x08006f00       0x84 /home/marekf/Ac6/SystemWorkbench/plugins/fr.ac6.mcu.externaltools.arm-none.linux64_1.7.0.201602291252/tools/compiler/bin/../lib/gcc/arm-none-eabi/5.2.1/../../../../arm-none-eabi/lib/armv7-m/libc.a(lib_a-fclose.o)
                0x08006f00                _fclose_r
 .text.__fputwc
                0x08006f84       0xb0 /home/marekf/Ac6/SystemWorkbench/plugins/fr.ac6.mcu.externaltools.arm-none.linux64_1.7.0.201602291252/tools/compiler/bin/../lib/gcc/arm-none-eabi/5.2.1/../../../../arm-none-eabi/lib/armv7-m/libc.a(lib_a-fputwc.o)
                0x08006f84                __fputwc
 .text._fputwc_r
                0x08007034       0x24 /home/marekf/Ac6/SystemWorkbench/plugins/fr.ac6.mcu.externaltools.arm-none.linux64_1.7.0.201602291252/tools/compiler/bin/../lib/gcc/arm-none-eabi/5.2.1/../../../../arm-none-eabi/lib/armv7-m/libc.a(lib_a-fputwc.o)
                0x08007034                _fputwc_r
 .text._fstat_r
                0x08007058       0x28 /home/marekf/Ac6/SystemWorkbench/plugins/fr.ac6.mcu.externaltools.arm-none.linux64_1.7.0.201602291252/tools/compiler/bin/../lib/gcc/arm-none-eabi/5.2.1/../../../../arm-none-eabi/lib/armv7-m/libc.a(lib_a-fstatr.o)
                0x08007058                _fstat_r
 .text.__sfvwrite_r
                0x08007080      0x304 /home/marekf/Ac6/SystemWorkbench/plugins/fr.ac6.mcu.externaltools.arm-none.linux64_1.7.0.201602291252/tools/compiler/bin/../lib/gcc/arm-none-eabi/5.2.1/../../../../arm-none-eabi/lib/armv7-m/libc.a(lib_a-fvwrite.o)
                0x08007080                __sfvwrite_r
 .text._isatty_r
                0x08007384       0x24 /home/marekf/Ac6/SystemWorkbench/plugins/fr.ac6.mcu.externaltools.arm-none.linux64_1.7.0.201602291252/tools/compiler/bin/../lib/gcc/arm-none-eabi/5.2.1/../../../../arm-none-eabi/lib/armv7-m/libc.a(lib_a-isattyr.o)
                0x08007384                _isatty_r
 .text._lseek_r
                0x080073a8       0x2c /home/marekf/Ac6/SystemWorkbench/plugins/fr.ac6.mcu.externaltools.arm-none.linux64_1.7.0.201602291252/tools/compiler/bin/../lib/gcc/arm-none-eabi/5.2.1/../../../../arm-none-eabi/lib/armv7-m/libc.a(lib_a-lseekr.o)
                0x080073a8                _lseek_r
 .text.memmove  0x080073d4       0xc8 /home/marekf/Ac6/SystemWorkbench/plugins/fr.ac6.mcu.externaltools.arm-none.linux64_1.7.0.201602291252/tools/compiler/bin/../lib/gcc/arm-none-eabi/5.2.1/../../../../arm-none-eabi/lib/armv7-m/libc.a(lib_a-memmove.o)
                0x080073d4                memmove
 .text._read_r  0x0800749c       0x2c /home/marekf/Ac6/SystemWorkbench/plugins/fr.ac6.mcu.externaltools.arm-none.linux64_1.7.0.201602291252/tools/compiler/bin/../lib/gcc/arm-none-eabi/5.2.1/../../../../arm-none-eabi/lib/armv7-m/libc.a(lib_a-readr.o)
                0x0800749c                _read_r
 .text._realloc_r
                0x080074c8      0x3d4 /home/marekf/Ac6/SystemWorkbench/plugins/fr.ac6.mcu.externaltools.arm-none.linux64_1.7.0.201602291252/tools/compiler/bin/../lib/gcc/arm-none-eabi/5.2.1/../../../../arm-none-eabi/lib/armv7-m/libc.a(lib_a-reallocr.o)
                0x080074c8                _realloc_r
 .text.__swbuf_r
                0x0800789c       0xa8 /home/marekf/Ac6/SystemWorkbench/plugins/fr.ac6.mcu.externaltools.arm-none.linux64_1.7.0.201602291252/tools/compiler/bin/../lib/gcc/arm-none-eabi/5.2.1/../../../../arm-none-eabi/lib/armv7-m/libc.a(lib_a-wbuf.o)
                0x0800789c                __swbuf_r
 .text._wcrtomb_r
                0x08007944       0x54 /home/marekf/Ac6/SystemWorkbench/plugins/fr.ac6.mcu.externaltools.arm-none.linux64_1.7.0.201602291252/tools/compiler/bin/../lib/gcc/arm-none-eabi/5.2.1/../../../../arm-none-eabi/lib/armv7-m/libc.a(lib_a-wcrtomb.o)
                0x08007944                _wcrtomb_r
 .text.__ascii_wctomb
                0x08007998       0x1c /home/marekf/Ac6/SystemWorkbench/plugins/fr.ac6.mcu.externaltools.arm-none.linux64_1.7.0.201602291252/tools/compiler/bin/../lib/gcc/arm-none-eabi/5.2.1/../../../../arm-none-eabi/lib/armv7-m/libc.a(lib_a-wctomb_r.o)
                0x08007998                __ascii_wctomb
 *(.glue_7)
 .glue_7        0x080079b4        0x0 linker stubs
 *(.glue_7t)
 .glue_7t       0x080079b4        0x0 linker stubs
 *(.eh_frame)
 .eh_frame      0x080079b4        0x0 /home/marekf/Ac6/SystemWorkbench/plugins/fr.ac6.mcu.externaltools.arm-none.linux64_1.7.0.201602291252/tools/compiler/bin/../lib/gcc/arm-none-eabi/5.2.1/armv7-m/crtbegin.o
 *(.init)
 .init          0x080079b4        0x4 /home/marekf/Ac6/SystemWorkbench/plugins/fr.ac6.mcu.externaltools.arm-none.linux64_1.7.0.201602291252/tools/compiler/bin/../lib/gcc/arm-none-eabi/5.2.1/armv7-m/crti.o
                0x080079b4                _init
 .init          0x080079b8        0x8 /home/marekf/Ac6/SystemWorkbench/plugins/fr.ac6.mcu.externaltools.arm-none.linux64_1.7.0.201602291252/tools/compiler/bin/../lib/gcc/arm-none-eabi/5.2.1/armv7-m/crtn.o
 *(.fini)
 .fini          0x080079c0        0x4 /home/marekf/Ac6/SystemWorkbench/plugins/fr.ac6.mcu.externaltools.arm-none.linux64_1.7.0.201602291252/tools/compiler/bin/../lib/gcc/arm-none-eabi/5.2.1/armv7-m/crti.o
                0x080079c0                _fini
 .fini          0x080079c4        0x8 /home/marekf/Ac6/SystemWorkbench/plugins/fr.ac6.mcu.externaltools.arm-none.linux64_1.7.0.201602291252/tools/compiler/bin/../lib/gcc/arm-none-eabi/5.2.1/armv7-m/crtn.o
                0x080079cc                . = ALIGN (0x4)
                0x080079cc                _etext = .

.vfp11_veneer   0x080079cc        0x0
 .vfp11_veneer  0x080079cc        0x0 linker stubs

.v4_bx          0x080079cc        0x0
 .v4_bx         0x080079cc        0x0 linker stubs

.iplt           0x080079cc        0x0
 .iplt          0x080079cc        0x0 /home/marekf/Ac6/SystemWorkbench/plugins/fr.ac6.mcu.externaltools.arm-none.linux64_1.7.0.201602291252/tools/compiler/bin/../lib/gcc/arm-none-eabi/5.2.1/armv7-m/crtbegin.o

.rodata         0x080079d0      0x290
                0x080079d0                . = ALIGN (0x4)
 *(.rodata)
 .rodata        0x080079d0        0x4 src/sonar_ctrl.o
 *(.rodata*)
 .rodata.str1.4
                0x080079d4        0x2 /home/marekf/Ac6/SystemWorkbench/plugins/fr.ac6.mcu.externaltools.arm-none.linux64_1.7.0.201602291252/tools/compiler/bin/../lib/gcc/arm-none-eabi/5.2.1/../../../../arm-none-eabi/lib/armv7-m/libc.a(lib_a-impure.o)
 *fill*         0x080079d6        0x2 
 .rodata._global_impure_ptr
                0x080079d8        0x4 /home/marekf/Ac6/SystemWorkbench/plugins/fr.ac6.mcu.externaltools.arm-none.linux64_1.7.0.201602291252/tools/compiler/bin/../lib/gcc/arm-none-eabi/5.2.1/../../../../arm-none-eabi/lib/armv7-m/libc.a(lib_a-impure.o)
                0x080079d8                _global_impure_ptr
 .rodata.zeroes.7023
                0x080079dc       0x10 /home/marekf/Ac6/SystemWorkbench/plugins/fr.ac6.mcu.externaltools.arm-none.linux64_1.7.0.201602291252/tools/compiler/bin/../lib/gcc/arm-none-eabi/5.2.1/../../../../arm-none-eabi/lib/armv7-m/libc.a(lib_a-vfprintf.o)
 .rodata.blanks.7022
                0x080079ec       0x10 /home/marekf/Ac6/SystemWorkbench/plugins/fr.ac6.mcu.externaltools.arm-none.linux64_1.7.0.201602291252/tools/compiler/bin/../lib/gcc/arm-none-eabi/5.2.1/../../../../arm-none-eabi/lib/armv7-m/libc.a(lib_a-vfprintf.o)
 .rodata.str1.4
                0x080079fc       0x42 /home/marekf/Ac6/SystemWorkbench/plugins/fr.ac6.mcu.externaltools.arm-none.linux64_1.7.0.201602291252/tools/compiler/bin/../lib/gcc/arm-none-eabi/5.2.1/../../../../arm-none-eabi/lib/armv7-m/libc.a(lib_a-vfprintf.o)
 *fill*         0x08007a3e        0x2 
 .rodata._ctype_
                0x08007a40      0x101 /home/marekf/Ac6/SystemWorkbench/plugins/fr.ac6.mcu.externaltools.arm-none.linux64_1.7.0.201602291252/tools/compiler/bin/../lib/gcc/arm-none-eabi/5.2.1/../../../../arm-none-eabi/lib/armv7-m/libc.a(lib_a-ctype_.o)
                0x08007a40                _ctype_
 *fill*         0x08007b41        0x3 
 .rodata.str1.4
                0x08007b44       0x10 /home/marekf/Ac6/SystemWorkbench/plugins/fr.ac6.mcu.externaltools.arm-none.linux64_1.7.0.201602291252/tools/compiler/bin/../lib/gcc/arm-none-eabi/5.2.1/../../../../arm-none-eabi/lib/armv7-m/libc.a(lib_a-dtoa.o)
                                 0x12 (size before relaxing)
 .rodata.str1.4
                0x08007b54        0xc /home/marekf/Ac6/SystemWorkbench/plugins/fr.ac6.mcu.externaltools.arm-none.linux64_1.7.0.201602291252/tools/compiler/bin/../lib/gcc/arm-none-eabi/5.2.1/../../../../arm-none-eabi/lib/armv7-m/libc.a(lib_a-locale.o)
                                 0x12 (size before relaxing)
 .rodata.p05.5402
                0x08007b60        0xc /home/marekf/Ac6/SystemWorkbench/plugins/fr.ac6.mcu.externaltools.arm-none.linux64_1.7.0.201602291252/tools/compiler/bin/../lib/gcc/arm-none-eabi/5.2.1/../../../../arm-none-eabi/lib/armv7-m/libc.a(lib_a-mprec.o)
 *fill*         0x08007b6c        0x4 
 .rodata.__mprec_tens
                0x08007b70       0xc8 /home/marekf/Ac6/SystemWorkbench/plugins/fr.ac6.mcu.externaltools.arm-none.linux64_1.7.0.201602291252/tools/compiler/bin/../lib/gcc/arm-none-eabi/5.2.1/../../../../arm-none-eabi/lib/armv7-m/libc.a(lib_a-mprec.o)
                0x08007b70                __mprec_tens
 .rodata.__mprec_bigtens
                0x08007c38       0x28 /home/marekf/Ac6/SystemWorkbench/plugins/fr.ac6.mcu.externaltools.arm-none.linux64_1.7.0.201602291252/tools/compiler/bin/../lib/gcc/arm-none-eabi/5.2.1/../../../../arm-none-eabi/lib/armv7-m/libc.a(lib_a-mprec.o)
                0x08007c38                __mprec_bigtens
                0x08007c60                . = ALIGN (0x4)

.ARM.extab
 *(.ARM.extab* .gnu.linkonce.armextab.*)

.ARM            0x08007c60        0x8
                0x08007c60                __exidx_start = .
 *(.ARM.exidx*)
 .ARM.exidx     0x08007c60        0x8 /home/marekf/Ac6/SystemWorkbench/plugins/fr.ac6.mcu.externaltools.arm-none.linux64_1.7.0.201602291252/tools/compiler/bin/../lib/gcc/arm-none-eabi/5.2.1/armv7-m/libgcc.a(_udivmoddi4.o)
                0x08007c68                __exidx_end = .

.rel.dyn        0x08007c68        0x0
 .rel.iplt      0x08007c68        0x0 /home/marekf/Ac6/SystemWorkbench/plugins/fr.ac6.mcu.externaltools.arm-none.linux64_1.7.0.201602291252/tools/compiler/bin/../lib/gcc/arm-none-eabi/5.2.1/armv7-m/crtbegin.o

.preinit_array  0x08007c68        0x0
                0x08007c68                PROVIDE (__preinit_array_start, .)
 *(.preinit_array*)
                0x08007c68                PROVIDE (__preinit_array_end, .)

.init_array     0x08007c68        0x8
                0x08007c68                PROVIDE (__init_array_start, .)
 *(SORT(.init_array.*))
 .init_array.00000
                0x08007c68        0x4 /home/marekf/Ac6/SystemWorkbench/plugins/fr.ac6.mcu.externaltools.arm-none.linux64_1.7.0.201602291252/tools/compiler/bin/../lib/gcc/arm-none-eabi/5.2.1/../../../../arm-none-eabi/lib/armv7-m/libc.a(lib_a-__call_atexit.o)
 *(.init_array*)
 .init_array    0x08007c6c        0x4 /home/marekf/Ac6/SystemWorkbench/plugins/fr.ac6.mcu.externaltools.arm-none.linux64_1.7.0.201602291252/tools/compiler/bin/../lib/gcc/arm-none-eabi/5.2.1/armv7-m/crtbegin.o
                0x08007c70                PROVIDE (__init_array_end, .)

.fini_array     0x08007c70        0x4
                0x08007c70                PROVIDE (__fini_array_start, .)
 *(SORT(.fini_array.*))
 *(.fini_array*)
 .fini_array    0x08007c70        0x4 /home/marekf/Ac6/SystemWorkbench/plugins/fr.ac6.mcu.externaltools.arm-none.linux64_1.7.0.201602291252/tools/compiler/bin/../lib/gcc/arm-none-eabi/5.2.1/armv7-m/crtbegin.o
                0x08007c74                PROVIDE (__fini_array_end, .)
                0x08007c74                _sidata = LOADADDR (.data)

.data           0x20000000      0x8d0 load address 0x08007c74
                0x20000000                . = ALIGN (0x4)
                0x20000000                _sdata = .
 *(.data)
 .data          0x20000000        0x6 src/sonar_ctrl.o
 *fill*         0x20000006        0x2 
 .data          0x20000008       0x14 src/system_stm32f10x.o
                0x20000008                SystemCoreClock
                0x2000000c                AHBPrescTable
 .data          0x2000001c       0x14 StdPeriph_Driver/src/stm32f10x_rcc.o
 *(.data*)
 .data.impure_data
                0x20000030      0x428 /home/marekf/Ac6/SystemWorkbench/plugins/fr.ac6.mcu.externaltools.arm-none.linux64_1.7.0.201602291252/tools/compiler/bin/../lib/gcc/arm-none-eabi/5.2.1/../../../../arm-none-eabi/lib/armv7-m/libc.a(lib_a-impure.o)
 .data._impure_ptr
                0x20000458        0x4 /home/marekf/Ac6/SystemWorkbench/plugins/fr.ac6.mcu.externaltools.arm-none.linux64_1.7.0.201602291252/tools/compiler/bin/../lib/gcc/arm-none-eabi/5.2.1/../../../../arm-none-eabi/lib/armv7-m/libc.a(lib_a-impure.o)
                0x20000458                _impure_ptr
 .data.__ctype_ptr__
                0x2000045c        0x4 /home/marekf/Ac6/SystemWorkbench/plugins/fr.ac6.mcu.externaltools.arm-none.linux64_1.7.0.201602291252/tools/compiler/bin/../lib/gcc/arm-none-eabi/5.2.1/../../../../arm-none-eabi/lib/armv7-m/libc.a(lib_a-ctype_.o)
                0x2000045c                __ctype_ptr__
 .data.lconv    0x20000460       0x38 /home/marekf/Ac6/SystemWorkbench/plugins/fr.ac6.mcu.externaltools.arm-none.linux64_1.7.0.201602291252/tools/compiler/bin/../lib/gcc/arm-none-eabi/5.2.1/../../../../arm-none-eabi/lib/armv7-m/libc.a(lib_a-locale.o)
 .data.lc_ctype_charset
                0x20000498       0x20 /home/marekf/Ac6/SystemWorkbench/plugins/fr.ac6.mcu.externaltools.arm-none.linux64_1.7.0.201602291252/tools/compiler/bin/../lib/gcc/arm-none-eabi/5.2.1/../../../../arm-none-eabi/lib/armv7-m/libc.a(lib_a-locale.o)
 .data.__mb_cur_max
                0x200004b8        0x4 /home/marekf/Ac6/SystemWorkbench/plugins/fr.ac6.mcu.externaltools.arm-none.linux64_1.7.0.201602291252/tools/compiler/bin/../lib/gcc/arm-none-eabi/5.2.1/../../../../arm-none-eabi/lib/armv7-m/libc.a(lib_a-locale.o)
                0x200004b8                __mb_cur_max
 .data.__malloc_av_
                0x200004bc      0x408 /home/marekf/Ac6/SystemWorkbench/plugins/fr.ac6.mcu.externaltools.arm-none.linux64_1.7.0.201602291252/tools/compiler/bin/../lib/gcc/arm-none-eabi/5.2.1/../../../../arm-none-eabi/lib/armv7-m/libc.a(lib_a-mallocr.o)
                0x200004bc                __malloc_av_
 .data.__malloc_trim_threshold
                0x200008c4        0x4 /home/marekf/Ac6/SystemWorkbench/plugins/fr.ac6.mcu.externaltools.arm-none.linux64_1.7.0.201602291252/tools/compiler/bin/../lib/gcc/arm-none-eabi/5.2.1/../../../../arm-none-eabi/lib/armv7-m/libc.a(lib_a-mallocr.o)
                0x200008c4                __malloc_trim_threshold
 .data.__malloc_sbrk_base
                0x200008c8        0x4 /home/marekf/Ac6/SystemWorkbench/plugins/fr.ac6.mcu.externaltools.arm-none.linux64_1.7.0.201602291252/tools/compiler/bin/../lib/gcc/arm-none-eabi/5.2.1/../../../../arm-none-eabi/lib/armv7-m/libc.a(lib_a-mallocr.o)
                0x200008c8                __malloc_sbrk_base
 .data.__wctomb
                0x200008cc        0x4 /home/marekf/Ac6/SystemWorkbench/plugins/fr.ac6.mcu.externaltools.arm-none.linux64_1.7.0.201602291252/tools/compiler/bin/../lib/gcc/arm-none-eabi/5.2.1/../../../../arm-none-eabi/lib/armv7-m/libc.a(lib_a-wctomb_r.o)
                0x200008cc                __wctomb
                0x200008d0                . = ALIGN (0x4)
                0x200008d0                _edata = .

.jcr            0x200008d0        0x0 load address 0x08008544
 .jcr           0x200008d0        0x0 /home/marekf/Ac6/SystemWorkbench/plugins/fr.ac6.mcu.externaltools.arm-none.linux64_1.7.0.201602291252/tools/compiler/bin/../lib/gcc/arm-none-eabi/5.2.1/armv7-m/crtbegin.o

.tm_clone_table
                0x200008d0        0x0 load address 0x08008544
 .tm_clone_table
                0x200008d0        0x0 /home/marekf/Ac6/SystemWorkbench/plugins/fr.ac6.mcu.externaltools.arm-none.linux64_1.7.0.201602291252/tools/compiler/bin/../lib/gcc/arm-none-eabi/5.2.1/armv7-m/crtbegin.o
 .tm_clone_table
                0x200008d0        0x0 /home/marekf/Ac6/SystemWorkbench/plugins/fr.ac6.mcu.externaltools.arm-none.linux64_1.7.0.201602291252/tools/compiler/bin/../lib/gcc/arm-none-eabi/5.2.1/armv7-m/crtend.o

.igot.plt       0x200008d0        0x0 load address 0x08008544
 .igot.plt      0x200008d0        0x0 /home/marekf/Ac6/SystemWorkbench/plugins/fr.ac6.mcu.externaltools.arm-none.linux64_1.7.0.201602291252/tools/compiler/bin/../lib/gcc/arm-none-eabi/5.2.1/armv7-m/crtbegin.o
                0x200008d0                . = ALIGN (0x4)

.bss            0x200008d0      0x6b8 load address 0x08008544
                0x200008d0                _sbss = .
                0x200008d0                __bss_start__ = _sbss
 *(.bss)
 .bss           0x200008d0       0x1c /home/marekf/Ac6/SystemWorkbench/plugins/fr.ac6.mcu.externaltools.arm-none.linux64_1.7.0.201602291252/tools/compiler/bin/../lib/gcc/arm-none-eabi/5.2.1/armv7-m/crtbegin.o
 .bss           0x200008ec        0x8 src/syscalls.o
                0x200008ec                __env
 *(.bss*)
 .bss.__malloc_max_total_mem
                0x200008f4        0x4 /home/marekf/Ac6/SystemWorkbench/plugins/fr.ac6.mcu.externaltools.arm-none.linux64_1.7.0.201602291252/tools/compiler/bin/../lib/gcc/arm-none-eabi/5.2.1/../../../../arm-none-eabi/lib/armv7-m/libc.a(lib_a-mallocr.o)
                0x200008f4                __malloc_max_total_mem
 .bss.__malloc_max_sbrked_mem
                0x200008f8        0x4 /home/marekf/Ac6/SystemWorkbench/plugins/fr.ac6.mcu.externaltools.arm-none.linux64_1.7.0.201602291252/tools/compiler/bin/../lib/gcc/arm-none-eabi/5.2.1/../../../../arm-none-eabi/lib/armv7-m/libc.a(lib_a-mallocr.o)
                0x200008f8                __malloc_max_sbrked_mem
 .bss.__malloc_top_pad
                0x200008fc        0x4 /home/marekf/Ac6/SystemWorkbench/plugins/fr.ac6.mcu.externaltools.arm-none.linux64_1.7.0.201602291252/tools/compiler/bin/../lib/gcc/arm-none-eabi/5.2.1/../../../../arm-none-eabi/lib/armv7-m/libc.a(lib_a-mallocr.o)
                0x200008fc                __malloc_top_pad
 .bss.__malloc_current_mallinfo
                0x20000900       0x28 /home/marekf/Ac6/SystemWorkbench/plugins/fr.ac6.mcu.externaltools.arm-none.linux64_1.7.0.201602291252/tools/compiler/bin/../lib/gcc/arm-none-eabi/5.2.1/../../../../arm-none-eabi/lib/armv7-m/libc.a(lib_a-mallocr.o)
                0x20000900                __malloc_current_mallinfo
 *(COMMON)
 COMMON         0x20000928      0x65c src/hw_config.o
                0x20000928                timer_ms
                0x2000092c                current_angle_PWM
                0x20000930                adc_ptr
                0x20000934                ptr_adcTab
                0x20000938                adc_value
                0x2000093c                adcDMA
                0x20000f7c                flaga
                0x20000f7e                licznik
                0x20000f80                koniec
                0x20000f82                tmp_var
 COMMON         0x20000f84        0x4 /home/marekf/Ac6/SystemWorkbench/plugins/fr.ac6.mcu.externaltools.arm-none.linux64_1.7.0.201602291252/tools/compiler/bin/../lib/gcc/arm-none-eabi/5.2.1/../../../../arm-none-eabi/lib/armv7-m/libc.a(lib_a-reent.o)
                0x20000f84                errno
                0x20000f88                . = ALIGN (0x4)
                0x20000f88                _ebss = .
                0x20000f88                __bss_end__ = _ebss

._user_heap_stack
                0x20000f88      0x100 load address 0x08008544
                0x20000f88                . = ALIGN (0x8)
                0x20000f88                PROVIDE (end, .)
                [!provide]                PROVIDE (_end, .)
                0x20000f88                . = (. + _Min_Heap_Size)
                0x20001088                . = (. + _Min_Stack_Size)
 *fill*         0x20000f88      0x100 
                0x20001088                . = ALIGN (0x8)

.memory_b1_text
 *(.mb1text)
 *(.mb1text*)
 *(.mb1rodata)
 *(.mb1rodata*)

/DISCARD/
 libc.a(*)
 libm.a(*)
 libgcc.a(*)

.ARM.attributes
                0x00000000       0x29
 *(.ARM.attributes)
 .ARM.attributes
                0x00000000       0x1d /home/marekf/Ac6/SystemWorkbench/plugins/fr.ac6.mcu.externaltools.arm-none.linux64_1.7.0.201602291252/tools/compiler/bin/../lib/gcc/arm-none-eabi/5.2.1/armv7-m/crti.o
 .ARM.attributes
                0x0000001d       0x2d /home/marekf/Ac6/SystemWorkbench/plugins/fr.ac6.mcu.externaltools.arm-none.linux64_1.7.0.201602291252/tools/compiler/bin/../lib/gcc/arm-none-eabi/5.2.1/armv7-m/crtbegin.o
 .ARM.attributes
                0x0000004a       0x21 startup/startup_stm32f10x_md.o
 .ARM.attributes
                0x0000006b       0x33 src/hw_config.o
 .ARM.attributes
                0x0000009e       0x33 src/main.o
 .ARM.attributes
                0x000000d1       0x33 src/sonar_ctrl.o
 .ARM.attributes
                0x00000104       0x33 src/syscalls.o
 .ARM.attributes
                0x00000137       0x33 src/system_stm32f10x.o
 .ARM.attributes
                0x0000016a       0x33 StdPeriph_Driver/src/misc.o
 .ARM.attributes
                0x0000019d       0x33 StdPeriph_Driver/src/stm32f10x_adc.o
 .ARM.attributes
                0x000001d0       0x33 StdPeriph_Driver/src/stm32f10x_dma.o
 .ARM.attributes
                0x00000203       0x33 StdPeriph_Driver/src/stm32f10x_gpio.o
 .ARM.attributes
                0x00000236       0x33 StdPeriph_Driver/src/stm32f10x_rcc.o
 .ARM.attributes
                0x00000269       0x33 StdPeriph_Driver/src/stm32f10x_tim.o
 .ARM.attributes
                0x0000029c       0x33 StdPeriph_Driver/src/stm32f10x_usart.o
 .ARM.attributes
                0x000002cf       0x1d /home/marekf/Ac6/SystemWorkbench/plugins/fr.ac6.mcu.externaltools.arm-none.linux64_1.7.0.201602291252/tools/compiler/bin/../lib/gcc/arm-none-eabi/5.2.1/armv7-m/libgcc.a(_arm_addsubsf3.o)
 .ARM.attributes
                0x000002ec       0x1d /home/marekf/Ac6/SystemWorkbench/plugins/fr.ac6.mcu.externaltools.arm-none.linux64_1.7.0.201602291252/tools/compiler/bin/../lib/gcc/arm-none-eabi/5.2.1/armv7-m/libgcc.a(_arm_muldivsf3.o)
 .ARM.attributes
                0x00000309       0x1d /home/marekf/Ac6/SystemWorkbench/plugins/fr.ac6.mcu.externaltools.arm-none.linux64_1.7.0.201602291252/tools/compiler/bin/../lib/gcc/arm-none-eabi/5.2.1/armv7-m/libgcc.a(_arm_fixunssfsi.o)
 .ARM.attributes
                0x00000326       0x2d /home/marekf/Ac6/SystemWorkbench/plugins/fr.ac6.mcu.externaltools.arm-none.linux64_1.7.0.201602291252/tools/compiler/bin/../lib/gcc/arm-none-eabi/5.2.1/../../../../arm-none-eabi/lib/armv7-m/libc.a(lib_a-errno.o)
 .ARM.attributes
                0x00000353       0x2d /home/marekf/Ac6/SystemWorkbench/plugins/fr.ac6.mcu.externaltools.arm-none.linux64_1.7.0.201602291252/tools/compiler/bin/../lib/gcc/arm-none-eabi/5.2.1/../../../../arm-none-eabi/lib/armv7-m/libc.a(lib_a-impure.o)
 .ARM.attributes
                0x00000380       0x2d /home/marekf/Ac6/SystemWorkbench/plugins/fr.ac6.mcu.externaltools.arm-none.linux64_1.7.0.201602291252/tools/compiler/bin/../lib/gcc/arm-none-eabi/5.2.1/../../../../arm-none-eabi/lib/armv7-m/libc.a(lib_a-init.o)
 .ARM.attributes
                0x000003ad       0x2d /home/marekf/Ac6/SystemWorkbench/plugins/fr.ac6.mcu.externaltools.arm-none.linux64_1.7.0.201602291252/tools/compiler/bin/../lib/gcc/arm-none-eabi/5.2.1/../../../../arm-none-eabi/lib/armv7-m/libc.a(lib_a-memset.o)
 .ARM.attributes
                0x000003da       0x2d /home/marekf/Ac6/SystemWorkbench/plugins/fr.ac6.mcu.externaltools.arm-none.linux64_1.7.0.201602291252/tools/compiler/bin/../lib/gcc/arm-none-eabi/5.2.1/../../../../arm-none-eabi/lib/armv7-m/libc.a(lib_a-printf.o)
 .ARM.attributes
                0x00000407       0x2d /home/marekf/Ac6/SystemWorkbench/plugins/fr.ac6.mcu.externaltools.arm-none.linux64_1.7.0.201602291252/tools/compiler/bin/../lib/gcc/arm-none-eabi/5.2.1/../../../../arm-none-eabi/lib/armv7-m/libc.a(lib_a-strtol.o)
 .ARM.attributes
                0x00000434       0x2d /home/marekf/Ac6/SystemWorkbench/plugins/fr.ac6.mcu.externaltools.arm-none.linux64_1.7.0.201602291252/tools/compiler/bin/../lib/gcc/arm-none-eabi/5.2.1/../../../../arm-none-eabi/lib/armv7-m/libc.a(lib_a-vfprintf.o)
 .ARM.attributes
                0x00000461       0x2d /home/marekf/Ac6/SystemWorkbench/plugins/fr.ac6.mcu.externaltools.arm-none.linux64_1.7.0.201602291252/tools/compiler/bin/../lib/gcc/arm-none-eabi/5.2.1/../../../../arm-none-eabi/lib/armv7-m/libc.a(lib_a-wsetup.o)
 .ARM.attributes
                0x0000048e       0x2d /home/marekf/Ac6/SystemWorkbench/plugins/fr.ac6.mcu.externaltools.arm-none.linux64_1.7.0.201602291252/tools/compiler/bin/../lib/gcc/arm-none-eabi/5.2.1/../../../../arm-none-eabi/lib/armv7-m/libc.a(lib_a-__call_atexit.o)
 .ARM.attributes
                0x000004bb       0x2d /home/marekf/Ac6/SystemWorkbench/plugins/fr.ac6.mcu.externaltools.arm-none.linux64_1.7.0.201602291252/tools/compiler/bin/../lib/gcc/arm-none-eabi/5.2.1/../../../../arm-none-eabi/lib/armv7-m/libc.a(lib_a-atexit.o)
 .ARM.attributes
                0x000004e8       0x2d /home/marekf/Ac6/SystemWorkbench/plugins/fr.ac6.mcu.externaltools.arm-none.linux64_1.7.0.201602291252/tools/compiler/bin/../lib/gcc/arm-none-eabi/5.2.1/../../../../arm-none-eabi/lib/armv7-m/libc.a(lib_a-ctype_.o)
 .ARM.attributes
                0x00000515       0x2d /home/marekf/Ac6/SystemWorkbench/plugins/fr.ac6.mcu.externaltools.arm-none.linux64_1.7.0.201602291252/tools/compiler/bin/../lib/gcc/arm-none-eabi/5.2.1/../../../../arm-none-eabi/lib/armv7-m/libc.a(lib_a-dtoa.o)
 .ARM.attributes
                0x00000542       0x2d /home/marekf/Ac6/SystemWorkbench/plugins/fr.ac6.mcu.externaltools.arm-none.linux64_1.7.0.201602291252/tools/compiler/bin/../lib/gcc/arm-none-eabi/5.2.1/../../../../arm-none-eabi/lib/armv7-m/libc.a(lib_a-fflush.o)
 .ARM.attributes
                0x0000056f       0x2d /home/marekf/Ac6/SystemWorkbench/plugins/fr.ac6.mcu.externaltools.arm-none.linux64_1.7.0.201602291252/tools/compiler/bin/../lib/gcc/arm-none-eabi/5.2.1/../../../../arm-none-eabi/lib/armv7-m/libc.a(lib_a-findfp.o)
 .ARM.attributes
                0x0000059c       0x2d /home/marekf/Ac6/SystemWorkbench/plugins/fr.ac6.mcu.externaltools.arm-none.linux64_1.7.0.201602291252/tools/compiler/bin/../lib/gcc/arm-none-eabi/5.2.1/../../../../arm-none-eabi/lib/armv7-m/libc.a(lib_a-fini.o)
 .ARM.attributes
                0x000005c9       0x2d /home/marekf/Ac6/SystemWorkbench/plugins/fr.ac6.mcu.externaltools.arm-none.linux64_1.7.0.201602291252/tools/compiler/bin/../lib/gcc/arm-none-eabi/5.2.1/../../../../arm-none-eabi/lib/armv7-m/libc.a(lib_a-freer.o)
 .ARM.attributes
                0x000005f6       0x2d /home/marekf/Ac6/SystemWorkbench/plugins/fr.ac6.mcu.externaltools.arm-none.linux64_1.7.0.201602291252/tools/compiler/bin/../lib/gcc/arm-none-eabi/5.2.1/../../../../arm-none-eabi/lib/armv7-m/libc.a(lib_a-fwalk.o)
 .ARM.attributes
                0x00000623       0x2d /home/marekf/Ac6/SystemWorkbench/plugins/fr.ac6.mcu.externaltools.arm-none.linux64_1.7.0.201602291252/tools/compiler/bin/../lib/gcc/arm-none-eabi/5.2.1/../../../../arm-none-eabi/lib/armv7-m/libc.a(lib_a-locale.o)
 .ARM.attributes
                0x00000650       0x2d /home/marekf/Ac6/SystemWorkbench/plugins/fr.ac6.mcu.externaltools.arm-none.linux64_1.7.0.201602291252/tools/compiler/bin/../lib/gcc/arm-none-eabi/5.2.1/../../../../arm-none-eabi/lib/armv7-m/libc.a(lib_a-makebuf.o)
 .ARM.attributes
                0x0000067d       0x2d /home/marekf/Ac6/SystemWorkbench/plugins/fr.ac6.mcu.externaltools.arm-none.linux64_1.7.0.201602291252/tools/compiler/bin/../lib/gcc/arm-none-eabi/5.2.1/../../../../arm-none-eabi/lib/armv7-m/libc.a(lib_a-mallocr.o)
 .ARM.attributes
                0x000006aa       0x2d /home/marekf/Ac6/SystemWorkbench/plugins/fr.ac6.mcu.externaltools.arm-none.linux64_1.7.0.201602291252/tools/compiler/bin/../lib/gcc/arm-none-eabi/5.2.1/../../../../arm-none-eabi/lib/armv7-m/libc.a(lib_a-memchr-stub.o)
 .ARM.attributes
                0x000006d7       0x1b /home/marekf/Ac6/SystemWorkbench/plugins/fr.ac6.mcu.externaltools.arm-none.linux64_1.7.0.201602291252/tools/compiler/bin/../lib/gcc/arm-none-eabi/5.2.1/../../../../arm-none-eabi/lib/armv7-m/libc.a(lib_a-memcpy.o)
 .ARM.attributes
                0x000006f2       0x2d /home/marekf/Ac6/SystemWorkbench/plugins/fr.ac6.mcu.externaltools.arm-none.linux64_1.7.0.201602291252/tools/compiler/bin/../lib/gcc/arm-none-eabi/5.2.1/../../../../arm-none-eabi/lib/armv7-m/libc.a(lib_a-mlock.o)
 .ARM.attributes
                0x0000071f       0x2d /home/marekf/Ac6/SystemWorkbench/plugins/fr.ac6.mcu.externaltools.arm-none.linux64_1.7.0.201602291252/tools/compiler/bin/../lib/gcc/arm-none-eabi/5.2.1/../../../../arm-none-eabi/lib/armv7-m/libc.a(lib_a-mprec.o)
 .ARM.attributes
                0x0000074c       0x2d /home/marekf/Ac6/SystemWorkbench/plugins/fr.ac6.mcu.externaltools.arm-none.linux64_1.7.0.201602291252/tools/compiler/bin/../lib/gcc/arm-none-eabi/5.2.1/../../../../arm-none-eabi/lib/armv7-m/libc.a(lib_a-s_fpclassify.o)
 .ARM.attributes
                0x00000779       0x2d /home/marekf/Ac6/SystemWorkbench/plugins/fr.ac6.mcu.externaltools.arm-none.linux64_1.7.0.201602291252/tools/compiler/bin/../lib/gcc/arm-none-eabi/5.2.1/../../../../arm-none-eabi/lib/armv7-m/libc.a(lib_a-sbrkr.o)
 .ARM.attributes
                0x000007a6       0x2d /home/marekf/Ac6/SystemWorkbench/plugins/fr.ac6.mcu.externaltools.arm-none.linux64_1.7.0.201602291252/tools/compiler/bin/../lib/gcc/arm-none-eabi/5.2.1/../../../../arm-none-eabi/lib/armv7-m/libc.a(lib_a-stdio.o)
 .ARM.attributes
                0x000007d3       0x2d /home/marekf/Ac6/SystemWorkbench/plugins/fr.ac6.mcu.externaltools.arm-none.linux64_1.7.0.201602291252/tools/compiler/bin/../lib/gcc/arm-none-eabi/5.2.1/../../../../arm-none-eabi/lib/armv7-m/libc.a(lib_a-strlen-stub.o)
 .ARM.attributes
                0x00000800       0x2d /home/marekf/Ac6/SystemWorkbench/plugins/fr.ac6.mcu.externaltools.arm-none.linux64_1.7.0.201602291252/tools/compiler/bin/../lib/gcc/arm-none-eabi/5.2.1/../../../../arm-none-eabi/lib/armv7-m/libc.a(lib_a-vfiprintf.o)
 .ARM.attributes
                0x0000082d       0x2d /home/marekf/Ac6/SystemWorkbench/plugins/fr.ac6.mcu.externaltools.arm-none.linux64_1.7.0.201602291252/tools/compiler/bin/../lib/gcc/arm-none-eabi/5.2.1/../../../../arm-none-eabi/lib/armv7-m/libc.a(lib_a-writer.o)
 .ARM.attributes
                0x0000085a       0x2d /home/marekf/Ac6/SystemWorkbench/plugins/fr.ac6.mcu.externaltools.arm-none.linux64_1.7.0.201602291252/tools/compiler/bin/../lib/gcc/arm-none-eabi/5.2.1/../../../../arm-none-eabi/lib/armv7-m/libc.a(lib_a-__atexit.o)
 .ARM.attributes
                0x00000887       0x2d /home/marekf/Ac6/SystemWorkbench/plugins/fr.ac6.mcu.externaltools.arm-none.linux64_1.7.0.201602291252/tools/compiler/bin/../lib/gcc/arm-none-eabi/5.2.1/../../../../arm-none-eabi/lib/armv7-m/libc.a(lib_a-callocr.o)
 .ARM.attributes
                0x000008b4       0x2d /home/marekf/Ac6/SystemWorkbench/plugins/fr.ac6.mcu.externaltools.arm-none.linux64_1.7.0.201602291252/tools/compiler/bin/../lib/gcc/arm-none-eabi/5.2.1/../../../../arm-none-eabi/lib/armv7-m/libc.a(lib_a-closer.o)
 .ARM.attributes
                0x000008e1       0x2d /home/marekf/Ac6/SystemWorkbench/plugins/fr.ac6.mcu.externaltools.arm-none.linux64_1.7.0.201602291252/tools/compiler/bin/../lib/gcc/arm-none-eabi/5.2.1/../../../../arm-none-eabi/lib/armv7-m/libc.a(lib_a-fclose.o)
 .ARM.attributes
                0x0000090e       0x2d /home/marekf/Ac6/SystemWorkbench/plugins/fr.ac6.mcu.externaltools.arm-none.linux64_1.7.0.201602291252/tools/compiler/bin/../lib/gcc/arm-none-eabi/5.2.1/../../../../arm-none-eabi/lib/armv7-m/libc.a(lib_a-fputwc.o)
 .ARM.attributes
                0x0000093b       0x2d /home/marekf/Ac6/SystemWorkbench/plugins/fr.ac6.mcu.externaltools.arm-none.linux64_1.7.0.201602291252/tools/compiler/bin/../lib/gcc/arm-none-eabi/5.2.1/../../../../arm-none-eabi/lib/armv7-m/libc.a(lib_a-fstatr.o)
 .ARM.attributes
                0x00000968       0x2d /home/marekf/Ac6/SystemWorkbench/plugins/fr.ac6.mcu.externaltools.arm-none.linux64_1.7.0.201602291252/tools/compiler/bin/../lib/gcc/arm-none-eabi/5.2.1/../../../../arm-none-eabi/lib/armv7-m/libc.a(lib_a-fvwrite.o)
 .ARM.attributes
                0x00000995       0x2d /home/marekf/Ac6/SystemWorkbench/plugins/fr.ac6.mcu.externaltools.arm-none.linux64_1.7.0.201602291252/tools/compiler/bin/../lib/gcc/arm-none-eabi/5.2.1/../../../../arm-none-eabi/lib/armv7-m/libc.a(lib_a-isattyr.o)
 .ARM.attributes
                0x000009c2       0x2d /home/marekf/Ac6/SystemWorkbench/plugins/fr.ac6.mcu.externaltools.arm-none.linux64_1.7.0.201602291252/tools/compiler/bin/../lib/gcc/arm-none-eabi/5.2.1/../../../../arm-none-eabi/lib/armv7-m/libc.a(lib_a-lseekr.o)
 .ARM.attributes
                0x000009ef       0x2d /home/marekf/Ac6/SystemWorkbench/plugins/fr.ac6.mcu.externaltools.arm-none.linux64_1.7.0.201602291252/tools/compiler/bin/../lib/gcc/arm-none-eabi/5.2.1/../../../../arm-none-eabi/lib/armv7-m/libc.a(lib_a-memmove.o)
 .ARM.attributes
                0x00000a1c       0x2d /home/marekf/Ac6/SystemWorkbench/plugins/fr.ac6.mcu.externaltools.arm-none.linux64_1.7.0.201602291252/tools/compiler/bin/../lib/gcc/arm-none-eabi/5.2.1/../../../../arm-none-eabi/lib/armv7-m/libc.a(lib_a-readr.o)
 .ARM.attributes
                0x00000a49       0x2d /home/marekf/Ac6/SystemWorkbench/plugins/fr.ac6.mcu.externaltools.arm-none.linux64_1.7.0.201602291252/tools/compiler/bin/../lib/gcc/arm-none-eabi/5.2.1/../../../../arm-none-eabi/lib/armv7-m/libc.a(lib_a-reallocr.o)
 .ARM.attributes
                0x00000a76       0x2d /home/marekf/Ac6/SystemWorkbench/plugins/fr.ac6.mcu.externaltools.arm-none.linux64_1.7.0.201602291252/tools/compiler/bin/../lib/gcc/arm-none-eabi/5.2.1/../../../../arm-none-eabi/lib/armv7-m/libc.a(lib_a-reent.o)
 .ARM.attributes
                0x00000aa3       0x2d /home/marekf/Ac6/SystemWorkbench/plugins/fr.ac6.mcu.externaltools.arm-none.linux64_1.7.0.201602291252/tools/compiler/bin/../lib/gcc/arm-none-eabi/5.2.1/../../../../arm-none-eabi/lib/armv7-m/libc.a(lib_a-wbuf.o)
 .ARM.attributes
                0x00000ad0       0x2d /home/marekf/Ac6/SystemWorkbench/plugins/fr.ac6.mcu.externaltools.arm-none.linux64_1.7.0.201602291252/tools/compiler/bin/../lib/gcc/arm-none-eabi/5.2.1/../../../../arm-none-eabi/lib/armv7-m/libc.a(lib_a-wcrtomb.o)
 .ARM.attributes
                0x00000afd       0x2d /home/marekf/Ac6/SystemWorkbench/plugins/fr.ac6.mcu.externaltools.arm-none.linux64_1.7.0.201602291252/tools/compiler/bin/../lib/gcc/arm-none-eabi/5.2.1/../../../../arm-none-eabi/lib/armv7-m/libc.a(lib_a-wctomb_r.o)
 .ARM.attributes
                0x00000b2a       0x1d /home/marekf/Ac6/SystemWorkbench/plugins/fr.ac6.mcu.externaltools.arm-none.linux64_1.7.0.201602291252/tools/compiler/bin/../lib/gcc/arm-none-eabi/5.2.1/armv7-m/libgcc.a(_arm_addsubdf3.o)
 .ARM.attributes
                0x00000b47       0x1d /home/marekf/Ac6/SystemWorkbench/plugins/fr.ac6.mcu.externaltools.arm-none.linux64_1.7.0.201602291252/tools/compiler/bin/../lib/gcc/arm-none-eabi/5.2.1/armv7-m/libgcc.a(_arm_muldivdf3.o)
 .ARM.attributes
                0x00000b64       0x1d /home/marekf/Ac6/SystemWorkbench/plugins/fr.ac6.mcu.externaltools.arm-none.linux64_1.7.0.201602291252/tools/compiler/bin/../lib/gcc/arm-none-eabi/5.2.1/armv7-m/libgcc.a(_arm_cmpdf2.o)
 .ARM.attributes
                0x00000b81       0x1d /home/marekf/Ac6/SystemWorkbench/plugins/fr.ac6.mcu.externaltools.arm-none.linux64_1.7.0.201602291252/tools/compiler/bin/../lib/gcc/arm-none-eabi/5.2.1/armv7-m/libgcc.a(_arm_fixdfsi.o)
 .ARM.attributes
                0x00000b9e       0x1d /home/marekf/Ac6/SystemWorkbench/plugins/fr.ac6.mcu.externaltools.arm-none.linux64_1.7.0.201602291252/tools/compiler/bin/../lib/gcc/arm-none-eabi/5.2.1/armv7-m/libgcc.a(_aeabi_uldivmod.o)
 .ARM.attributes
                0x00000bbb       0x2d /home/marekf/Ac6/SystemWorkbench/plugins/fr.ac6.mcu.externaltools.arm-none.linux64_1.7.0.201602291252/tools/compiler/bin/../lib/gcc/arm-none-eabi/5.2.1/armv7-m/libgcc.a(_udivmoddi4.o)
 .ARM.attributes
                0x00000be8       0x1d /home/marekf/Ac6/SystemWorkbench/plugins/fr.ac6.mcu.externaltools.arm-none.linux64_1.7.0.201602291252/tools/compiler/bin/../lib/gcc/arm-none-eabi/5.2.1/armv7-m/libgcc.a(_dvmd_tls.o)
 .ARM.attributes
                0x00000c05       0x2d /home/marekf/Ac6/SystemWorkbench/plugins/fr.ac6.mcu.externaltools.arm-none.linux64_1.7.0.201602291252/tools/compiler/bin/../lib/gcc/arm-none-eabi/5.2.1/armv7-m/crtend.o
 .ARM.attributes
                0x00000c32       0x1d /home/marekf/Ac6/SystemWorkbench/plugins/fr.ac6.mcu.externaltools.arm-none.linux64_1.7.0.201602291252/tools/compiler/bin/../lib/gcc/arm-none-eabi/5.2.1/armv7-m/crtn.o
OUTPUT(sonar.elf elf32-littlearm)

.debug_line     0x00000000     0x606f
 .debug_line    0x00000000       0x7e startup/startup_stm32f10x_md.o
 .debug_line    0x0000007e      0x6fa src/hw_config.o
 .debug_line    0x00000778      0x6f3 src/main.o
 .debug_line    0x00000e6b      0x857 src/sonar_ctrl.o
 .debug_line    0x000016c2      0x5a7 src/syscalls.o
 .debug_line    0x00001c69      0x618 src/system_stm32f10x.o
 .debug_line    0x00002281      0x61b StdPeriph_Driver/src/misc.o
 .debug_line    0x0000289c      0x909 StdPeriph_Driver/src/stm32f10x_adc.o
 .debug_line    0x000031a5      0x707 StdPeriph_Driver/src/stm32f10x_dma.o
 .debug_line    0x000038ac      0x79e StdPeriph_Driver/src/stm32f10x_gpio.o
 .debug_line    0x0000404a      0x89a StdPeriph_Driver/src/stm32f10x_rcc.o
 .debug_line    0x000048e4      0xf1f StdPeriph_Driver/src/stm32f10x_tim.o
 .debug_line    0x00005803      0x86c StdPeriph_Driver/src/stm32f10x_usart.o

.debug_info     0x00000000     0x715e
 .debug_info    0x00000000       0x78 startup/startup_stm32f10x_md.o
 .debug_info    0x00000078      0xf6d src/hw_config.o
 .debug_info    0x00000fe5      0x436 src/main.o
 .debug_info    0x0000141b      0x734 src/sonar_ctrl.o
 .debug_info    0x00001b4f      0x667 src/syscalls.o
 .debug_info    0x000021b6      0x459 src/system_stm32f10x.o
 .debug_info    0x0000260f      0x549 StdPeriph_Driver/src/misc.o
 .debug_info    0x00002b58      0xb84 StdPeriph_Driver/src/stm32f10x_adc.o
 .debug_info    0x000036dc      0x483 StdPeriph_Driver/src/stm32f10x_dma.o
 .debug_info    0x00003b5f      0x6fe StdPeriph_Driver/src/stm32f10x_gpio.o
 .debug_info    0x0000425d      0x8a1 StdPeriph_Driver/src/stm32f10x_rcc.o
 .debug_info    0x00004afe     0x1c68 StdPeriph_Driver/src/stm32f10x_tim.o
 .debug_info    0x00006766      0x9f8 StdPeriph_Driver/src/stm32f10x_usart.o

.debug_abbrev   0x00000000     0x124d
 .debug_abbrev  0x00000000       0x12 startup/startup_stm32f10x_md.o
 .debug_abbrev  0x00000012      0x1df src/hw_config.o
 .debug_abbrev  0x000001f1      0x10e src/main.o
 .debug_abbrev  0x000002ff      0x192 src/sonar_ctrl.o
 .debug_abbrev  0x00000491      0x177 src/syscalls.o
 .debug_abbrev  0x00000608      0x14c src/system_stm32f10x.o
 .debug_abbrev  0x00000754      0x14c StdPeriph_Driver/src/misc.o
 .debug_abbrev  0x000008a0      0x19f StdPeriph_Driver/src/stm32f10x_adc.o
 .debug_abbrev  0x00000a3f      0x15c StdPeriph_Driver/src/stm32f10x_dma.o
 .debug_abbrev  0x00000b9b      0x1d1 StdPeriph_Driver/src/stm32f10x_gpio.o
 .debug_abbrev  0x00000d6c      0x1c1 StdPeriph_Driver/src/stm32f10x_rcc.o
 .debug_abbrev  0x00000f2d      0x1b7 StdPeriph_Driver/src/stm32f10x_tim.o
 .debug_abbrev  0x000010e4      0x169 StdPeriph_Driver/src/stm32f10x_usart.o

.debug_aranges  0x00000000      0x978
 .debug_aranges
                0x00000000       0x28 startup/startup_stm32f10x_md.o
 .debug_aranges
                0x00000028       0x60 src/hw_config.o
 .debug_aranges
                0x00000088       0x28 src/main.o
 .debug_aranges
                0x000000b0       0x50 src/sonar_ctrl.o
 .debug_aranges
                0x00000100       0xb0 src/syscalls.o
 .debug_aranges
                0x000001b0       0x30 src/system_stm32f10x.o
 .debug_aranges
                0x000001e0       0x40 StdPeriph_Driver/src/misc.o
 .debug_aranges
                0x00000220      0x138 StdPeriph_Driver/src/stm32f10x_adc.o
 .debug_aranges
                0x00000358       0x70 StdPeriph_Driver/src/stm32f10x_dma.o
 .debug_aranges
                0x000003c8       0xa8 StdPeriph_Driver/src/stm32f10x_gpio.o
 .debug_aranges
                0x00000470      0x118 StdPeriph_Driver/src/stm32f10x_rcc.o
 .debug_aranges
                0x00000588      0x2f0 StdPeriph_Driver/src/stm32f10x_tim.o
 .debug_aranges
                0x00000878      0x100 StdPeriph_Driver/src/stm32f10x_usart.o

.debug_ranges   0x00000000      0x8b0
 .debug_ranges  0x00000000       0x20 startup/startup_stm32f10x_md.o
 .debug_ranges  0x00000020       0x50 src/hw_config.o
 .debug_ranges  0x00000070       0x18 src/main.o
 .debug_ranges  0x00000088       0x40 src/sonar_ctrl.o
 .debug_ranges  0x000000c8       0xa0 src/syscalls.o
 .debug_ranges  0x00000168       0x20 src/system_stm32f10x.o
 .debug_ranges  0x00000188       0x30 StdPeriph_Driver/src/misc.o
 .debug_ranges  0x000001b8      0x128 StdPeriph_Driver/src/stm32f10x_adc.o
 .debug_ranges  0x000002e0       0x60 StdPeriph_Driver/src/stm32f10x_dma.o
 .debug_ranges  0x00000340       0x98 StdPeriph_Driver/src/stm32f10x_gpio.o
 .debug_ranges  0x000003d8      0x108 StdPeriph_Driver/src/stm32f10x_rcc.o
 .debug_ranges  0x000004e0      0x2e0 StdPeriph_Driver/src/stm32f10x_tim.o
 .debug_ranges  0x000007c0       0xf0 StdPeriph_Driver/src/stm32f10x_usart.o

.debug_macro    0x00000000    0x106f2
 .debug_macro   0x00000000      0x18b src/hw_config.o
 .debug_macro   0x0000018b      0x892 src/hw_config.o
 .debug_macro   0x00000a1d       0x5d src/hw_config.o
 .debug_macro   0x00000a7a       0x3a src/hw_config.o
 .debug_macro   0x00000ab4       0x22 src/hw_config.o
 .debug_macro   0x00000ad6       0x44 src/hw_config.o
 .debug_macro   0x00000b1a       0xfd src/hw_config.o
 .debug_macro   0x00000c17       0x22 src/hw_config.o
 .debug_macro   0x00000c39      0x1df src/hw_config.o
 .debug_macro   0x00000e18       0x2d src/hw_config.o
 .debug_macro   0x00000e45      0xa8b src/hw_config.o
 .debug_macro   0x000018d0     0x7eb3 src/hw_config.o
 .debug_macro   0x00009783      0x2e4 src/hw_config.o
 .debug_macro   0x00009a67      0x14a src/hw_config.o
 .debug_macro   0x00009bb1      0x3cf src/hw_config.o
 .debug_macro   0x00009f80       0xc8 src/hw_config.o
 .debug_macro   0x0000a048      0x17b src/hw_config.o
 .debug_macro   0x0000a1c3       0xac src/hw_config.o
 .debug_macro   0x0000a26f      0x3b0 src/hw_config.o
 .debug_macro   0x0000a61f       0x9d src/hw_config.o
 .debug_macro   0x0000a6bc      0x2d5 src/hw_config.o
 .debug_macro   0x0000a991      0x279 src/hw_config.o
 .debug_macro   0x0000ac0a      0x2ad src/hw_config.o
 .debug_macro   0x0000aeb7      0x2b4 src/hw_config.o
 .debug_macro   0x0000b16b       0x64 src/hw_config.o
 .debug_macro   0x0000b1cf       0x82 src/hw_config.o
 .debug_macro   0x0000b251      0x3e2 src/hw_config.o
 .debug_macro   0x0000b633       0x58 src/hw_config.o
 .debug_macro   0x0000b68b      0x344 src/hw_config.o
 .debug_macro   0x0000b9cf      0x2c4 src/hw_config.o
 .debug_macro   0x0000bc93      0x711 src/hw_config.o
 .debug_macro   0x0000c3a4      0x229 src/hw_config.o
 .debug_macro   0x0000c5cd       0x34 src/hw_config.o
 .debug_macro   0x0000c601       0x8c src/hw_config.o
 .debug_macro   0x0000c68d       0x35 src/hw_config.o
 .debug_macro   0x0000c6c2       0x46 src/hw_config.o
 .debug_macro   0x0000c708      0x2a6 src/main.o
 .debug_macro   0x0000c9ae       0x58 src/main.o
 .debug_macro   0x0000ca06       0x35 src/main.o
 .debug_macro   0x0000ca3b       0x9c src/main.o
 .debug_macro   0x0000cad7       0x16 src/main.o
 .debug_macro   0x0000caed       0x4a src/main.o
 .debug_macro   0x0000cb37       0x97 src/main.o
 .debug_macro   0x0000cbce      0x329 src/main.o
 .debug_macro   0x0000cef7       0xfd src/main.o
 .debug_macro   0x0000cff4       0x10 src/main.o
 .debug_macro   0x0000d004       0x52 src/main.o
 .debug_macro   0x0000d056       0x16 src/main.o
 .debug_macro   0x0000d06c       0x43 src/main.o
 .debug_macro   0x0000d0af      0x187 src/main.o
 .debug_macro   0x0000d236       0x10 src/main.o
 .debug_macro   0x0000d246       0x22 src/main.o
 .debug_macro   0x0000d268       0x3a src/main.o
 .debug_macro   0x0000d2a2       0x10 src/main.o
 .debug_macro   0x0000d2b2       0x40 src/main.o
 .debug_macro   0x0000d2f2       0x65 src/main.o
 .debug_macro   0x0000d357       0x16 src/main.o
 .debug_macro   0x0000d36d      0x197 src/main.o
 .debug_macro   0x0000d504      0x2e5 src/sonar_ctrl.o
 .debug_macro   0x0000d7e9       0x16 src/sonar_ctrl.o
 .debug_macro   0x0000d7ff       0x35 src/sonar_ctrl.o
 .debug_macro   0x0000d834       0x16 src/sonar_ctrl.o
 .debug_macro   0x0000d84a       0x29 src/sonar_ctrl.o
 .debug_macro   0x0000d873      0x1f3 src/syscalls.o
 .debug_macro   0x0000da66      0x174 src/syscalls.o
 .debug_macro   0x0000dbda       0x10 src/syscalls.o
 .debug_macro   0x0000dbea       0x10 src/syscalls.o
 .debug_macro   0x0000dbfa       0x10 src/syscalls.o
 .debug_macro   0x0000dc0a       0x35 src/syscalls.o
 .debug_macro   0x0000dc3f      0x122 src/syscalls.o
 .debug_macro   0x0000dd61       0x10 src/syscalls.o
 .debug_macro   0x0000dd71      0x241 src/syscalls.o
 .debug_macro   0x0000dfb2       0x1c src/syscalls.o
 .debug_macro   0x0000dfce      0x159 src/syscalls.o
 .debug_macro   0x0000e127       0x16 src/syscalls.o
 .debug_macro   0x0000e13d       0x88 src/syscalls.o
 .debug_macro   0x0000e1c5      0x18e src/system_stm32f10x.o
 .debug_macro   0x0000e353      0x192 StdPeriph_Driver/src/misc.o
 .debug_macro   0x0000e4e5       0x86 StdPeriph_Driver/src/misc.o
 .debug_macro   0x0000e56b      0x28e StdPeriph_Driver/src/stm32f10x_adc.o
 .debug_macro   0x0000e7f9      0x144 StdPeriph_Driver/src/stm32f10x_adc.o
 .debug_macro   0x0000e93d      0x1e4 StdPeriph_Driver/src/stm32f10x_dma.o
 .debug_macro   0x0000eb21      0x3aa StdPeriph_Driver/src/stm32f10x_dma.o
 .debug_macro   0x0000eecb      0x1de StdPeriph_Driver/src/stm32f10x_gpio.o
 .debug_macro   0x0000f0a9      0x2a7 StdPeriph_Driver/src/stm32f10x_gpio.o
 .debug_macro   0x0000f350      0x2ac StdPeriph_Driver/src/stm32f10x_rcc.o
 .debug_macro   0x0000f5fc      0x3dc StdPeriph_Driver/src/stm32f10x_rcc.o
 .debug_macro   0x0000f9d8      0x1a8 StdPeriph_Driver/src/stm32f10x_tim.o
 .debug_macro   0x0000fb80      0x70b StdPeriph_Driver/src/stm32f10x_tim.o
 .debug_macro   0x0001028b      0x244 StdPeriph_Driver/src/stm32f10x_usart.o
 .debug_macro   0x000104cf      0x223 StdPeriph_Driver/src/stm32f10x_usart.o

.debug_str      0x00000000    0x57041
 .debug_str     0x00000000    0x4f0ad src/hw_config.o
                              0x4f23d (size before relaxing)
 .debug_str     0x0004f0ad     0x395f src/main.o
                              0x522cb (size before relaxing)
 .debug_str     0x00052a0c      0x1f2 src/sonar_ctrl.o
                              0x524c9 (size before relaxing)
 .debug_str     0x00052bfe     0x107c src/syscalls.o
                               0x72bf (size before relaxing)
 .debug_str     0x00053c7a       0xf9 src/system_stm32f10x.o
                              0x4e762 (size before relaxing)
 .debug_str     0x00053d73      0x11e StdPeriph_Driver/src/misc.o
                              0x4e86b (size before relaxing)
 .debug_str     0x00053e91      0xa9f StdPeriph_Driver/src/stm32f10x_adc.o
                              0x4f1b9 (size before relaxing)
 .debug_str     0x00054930      0x5f9 StdPeriph_Driver/src/stm32f10x_dma.o
                              0x4ed0d (size before relaxing)
 .debug_str     0x00054f29      0x487 StdPeriph_Driver/src/stm32f10x_gpio.o
                              0x4ebdd (size before relaxing)
 .debug_str     0x000553b0      0xaef StdPeriph_Driver/src/stm32f10x_rcc.o
                              0x4f1c3 (size before relaxing)
 .debug_str     0x00055e9f      0xa3f StdPeriph_Driver/src/stm32f10x_tim.o
                              0x4f2e1 (size before relaxing)
 .debug_str     0x000568de      0x763 StdPeriph_Driver/src/stm32f10x_usart.o
                              0x4eeed (size before relaxing)

.comment        0x00000000       0x6e
 .comment       0x00000000       0x6e src/hw_config.o
                                 0x6f (size before relaxing)
 .comment       0x0000006e       0x6f src/main.o
 .comment       0x0000006e       0x6f src/sonar_ctrl.o
 .comment       0x0000006e       0x6f src/syscalls.o
 .comment       0x0000006e       0x6f src/system_stm32f10x.o
 .comment       0x0000006e       0x6f StdPeriph_Driver/src/misc.o
 .comment       0x0000006e       0x6f StdPeriph_Driver/src/stm32f10x_adc.o
 .comment       0x0000006e       0x6f StdPeriph_Driver/src/stm32f10x_dma.o
 .comment       0x0000006e       0x6f StdPeriph_Driver/src/stm32f10x_gpio.o
 .comment       0x0000006e       0x6f StdPeriph_Driver/src/stm32f10x_rcc.o
 .comment       0x0000006e       0x6f StdPeriph_Driver/src/stm32f10x_tim.o
 .comment       0x0000006e       0x6f StdPeriph_Driver/src/stm32f10x_usart.o

.debug_frame    0x00000000     0x38d0
 .debug_frame   0x00000000      0x150 src/hw_config.o
 .debug_frame   0x00000150       0x48 src/main.o
 .debug_frame   0x00000198      0x110 src/sonar_ctrl.o
 .debug_frame   0x000002a8      0x2d4 src/syscalls.o
 .debug_frame   0x0000057c       0x7c src/system_stm32f10x.o
 .debug_frame   0x000005f8       0xd8 StdPeriph_Driver/src/misc.o
 .debug_frame   0x000006d0      0x5a4 StdPeriph_Driver/src/stm32f10x_adc.o
 .debug_frame   0x00000c74      0x1c8 StdPeriph_Driver/src/stm32f10x_dma.o
 .debug_frame   0x00000e3c      0x2d0 StdPeriph_Driver/src/stm32f10x_gpio.o
 .debug_frame   0x0000110c      0x4f4 StdPeriph_Driver/src/stm32f10x_rcc.o
 .debug_frame   0x00001600      0xe2c StdPeriph_Driver/src/stm32f10x_tim.o
 .debug_frame   0x0000242c      0x490 StdPeriph_Driver/src/stm32f10x_usart.o
 .debug_frame   0x000028bc       0x20 /home/marekf/Ac6/SystemWorkbench/plugins/fr.ac6.mcu.externaltools.arm-none.linux64_1.7.0.201602291252/tools/compiler/bin/../lib/gcc/arm-none-eabi/5.2.1/../../../../arm-none-eabi/lib/armv7-m/libc.a(lib_a-errno.o)
 .debug_frame   0x000028dc       0x2c /home/marekf/Ac6/SystemWorkbench/plugins/fr.ac6.mcu.externaltools.arm-none.linux64_1.7.0.201602291252/tools/compiler/bin/../lib/gcc/arm-none-eabi/5.2.1/../../../../arm-none-eabi/lib/armv7-m/libc.a(lib_a-init.o)
 .debug_frame   0x00002908       0x34 /home/marekf/Ac6/SystemWorkbench/plugins/fr.ac6.mcu.externaltools.arm-none.linux64_1.7.0.201602291252/tools/compiler/bin/../lib/gcc/arm-none-eabi/5.2.1/../../../../arm-none-eabi/lib/armv7-m/libc.a(lib_a-memset.o)
 .debug_frame   0x0000293c       0x78 /home/marekf/Ac6/SystemWorkbench/plugins/fr.ac6.mcu.externaltools.arm-none.linux64_1.7.0.201602291252/tools/compiler/bin/../lib/gcc/arm-none-eabi/5.2.1/../../../../arm-none-eabi/lib/armv7-m/libc.a(lib_a-printf.o)
 .debug_frame   0x000029b4       0x54 /home/marekf/Ac6/SystemWorkbench/plugins/fr.ac6.mcu.externaltools.arm-none.linux64_1.7.0.201602291252/tools/compiler/bin/../lib/gcc/arm-none-eabi/5.2.1/../../../../arm-none-eabi/lib/armv7-m/libc.a(lib_a-strtol.o)
 .debug_frame   0x00002a08       0x88 /home/marekf/Ac6/SystemWorkbench/plugins/fr.ac6.mcu.externaltools.arm-none.linux64_1.7.0.201602291252/tools/compiler/bin/../lib/gcc/arm-none-eabi/5.2.1/../../../../arm-none-eabi/lib/armv7-m/libc.a(lib_a-vfprintf.o)
 .debug_frame   0x00002a90       0x2c /home/marekf/Ac6/SystemWorkbench/plugins/fr.ac6.mcu.externaltools.arm-none.linux64_1.7.0.201602291252/tools/compiler/bin/../lib/gcc/arm-none-eabi/5.2.1/../../../../arm-none-eabi/lib/armv7-m/libc.a(lib_a-wsetup.o)
 .debug_frame   0x00002abc       0x50 /home/marekf/Ac6/SystemWorkbench/plugins/fr.ac6.mcu.externaltools.arm-none.linux64_1.7.0.201602291252/tools/compiler/bin/../lib/gcc/arm-none-eabi/5.2.1/../../../../arm-none-eabi/lib/armv7-m/libc.a(lib_a-__call_atexit.o)
 .debug_frame   0x00002b0c       0x20 /home/marekf/Ac6/SystemWorkbench/plugins/fr.ac6.mcu.externaltools.arm-none.linux64_1.7.0.201602291252/tools/compiler/bin/../lib/gcc/arm-none-eabi/5.2.1/../../../../arm-none-eabi/lib/armv7-m/libc.a(lib_a-atexit.o)
 .debug_frame   0x00002b2c       0x84 /home/marekf/Ac6/SystemWorkbench/plugins/fr.ac6.mcu.externaltools.arm-none.linux64_1.7.0.201602291252/tools/compiler/bin/../lib/gcc/arm-none-eabi/5.2.1/../../../../arm-none-eabi/lib/armv7-m/libc.a(lib_a-dtoa.o)
 .debug_frame   0x00002bb0       0x6c /home/marekf/Ac6/SystemWorkbench/plugins/fr.ac6.mcu.externaltools.arm-none.linux64_1.7.0.201602291252/tools/compiler/bin/../lib/gcc/arm-none-eabi/5.2.1/../../../../arm-none-eabi/lib/armv7-m/libc.a(lib_a-fflush.o)
 .debug_frame   0x00002c1c      0x124 /home/marekf/Ac6/SystemWorkbench/plugins/fr.ac6.mcu.externaltools.arm-none.linux64_1.7.0.201602291252/tools/compiler/bin/../lib/gcc/arm-none-eabi/5.2.1/../../../../arm-none-eabi/lib/armv7-m/libc.a(lib_a-findfp.o)
 .debug_frame   0x00002d40       0x34 /home/marekf/Ac6/SystemWorkbench/plugins/fr.ac6.mcu.externaltools.arm-none.linux64_1.7.0.201602291252/tools/compiler/bin/../lib/gcc/arm-none-eabi/5.2.1/../../../../arm-none-eabi/lib/armv7-m/libc.a(lib_a-fini.o)
 .debug_frame   0x00002d74       0x74 /home/marekf/Ac6/SystemWorkbench/plugins/fr.ac6.mcu.externaltools.arm-none.linux64_1.7.0.201602291252/tools/compiler/bin/../lib/gcc/arm-none-eabi/5.2.1/../../../../arm-none-eabi/lib/armv7-m/libc.a(lib_a-freer.o)
 .debug_frame   0x00002de8       0x54 /home/marekf/Ac6/SystemWorkbench/plugins/fr.ac6.mcu.externaltools.arm-none.linux64_1.7.0.201602291252/tools/compiler/bin/../lib/gcc/arm-none-eabi/5.2.1/../../../../arm-none-eabi/lib/armv7-m/libc.a(lib_a-fwalk.o)
 .debug_frame   0x00002e3c       0x9c /home/marekf/Ac6/SystemWorkbench/plugins/fr.ac6.mcu.externaltools.arm-none.linux64_1.7.0.201602291252/tools/compiler/bin/../lib/gcc/arm-none-eabi/5.2.1/../../../../arm-none-eabi/lib/armv7-m/libc.a(lib_a-locale.o)
 .debug_frame   0x00002ed8       0x48 /home/marekf/Ac6/SystemWorkbench/plugins/fr.ac6.mcu.externaltools.arm-none.linux64_1.7.0.201602291252/tools/compiler/bin/../lib/gcc/arm-none-eabi/5.2.1/../../../../arm-none-eabi/lib/armv7-m/libc.a(lib_a-makebuf.o)
 .debug_frame   0x00002f20       0x54 /home/marekf/Ac6/SystemWorkbench/plugins/fr.ac6.mcu.externaltools.arm-none.linux64_1.7.0.201602291252/tools/compiler/bin/../lib/gcc/arm-none-eabi/5.2.1/../../../../arm-none-eabi/lib/armv7-m/libc.a(lib_a-mallocr.o)
 .debug_frame   0x00002f74       0x34 /home/marekf/Ac6/SystemWorkbench/plugins/fr.ac6.mcu.externaltools.arm-none.linux64_1.7.0.201602291252/tools/compiler/bin/../lib/gcc/arm-none-eabi/5.2.1/../../../../arm-none-eabi/lib/armv7-m/libc.a(lib_a-memchr-stub.o)
 .debug_frame   0x00002fa8       0x30 /home/marekf/Ac6/SystemWorkbench/plugins/fr.ac6.mcu.externaltools.arm-none.linux64_1.7.0.201602291252/tools/compiler/bin/../lib/gcc/arm-none-eabi/5.2.1/../../../../arm-none-eabi/lib/armv7-m/libc.a(lib_a-mlock.o)